<html>
<body>
<pre>
<h1>µVision Build Log</h1>
<h2>Tool Versions:</h2>
IDE-Version: ¦ÌVision V5.37.0.0
Copyright (C) 2022 ARM Ltd and ARM Germany GmbH. All rights reserved.
License Information: 11 1, 1, LIC=ZB4EI-T20EY-AR7XW-QZ5CF-PI1FJ-HP56L
 
Tool Versions:
Toolchain:       MDK-ARM Plus  Version: 5.37.0.0
Toolchain Path:  D:\Keil_v5\ARM\ARMCC\Bin
C Compiler:      Armcc.exe V5.06 update 7 (build 960)
Assembler:       Armasm.exe V5.06 update 7 (build 960)
Linker/Locator:  ArmLink.exe V5.06 update 7 (build 960)
Library Manager: ArmAr.exe V5.06 update 7 (build 960)
Hex Converter:   FromElf.exe V5.06 update 7 (build 960)
CPU DLL:         SARMCM3.DLL V5.37.0.0
Dialog DLL:      DCM.DLL V1.17.5.0
Target DLL:      STLink\ST-LINKIII-KEIL_SWO.dll V3.0.9.0
Dialog DLL:      TCM.DLL V1.56.1.0
 
<h2>Project:</h2>
C:\Users\LD\Desktop\demo_code\f411_hard_i2c\MDK-ARM\demo_code.uvprojx
Project File Date:  09/29/2022

<h2>Output:</h2>
*** Using Compiler 'V5.06 update 7 (build 960)', folder: 'D:\Keil_v5\ARM\ARMCC\Bin'
Build target 'demo_code'
assembling startup_stm32f411xe.s...
compiling stm32f4xx_hal_msp.c...
compiling i2c.c...
compiling usart.c...
compiling freertos.c...
compiling stm32f4xx_it.c...
compiling gpio.c...
compiling main.c...
../Core/Src/main.c(57): warning:  #177-D: variable "tx_buffer"  was declared but never referenced
  static uint8_t tx_buffer[1000];
../Core/Src/main.c: 1 warning, 0 errors
compiling stm32f4xx_hal_timebase_tim.c...
compiling stm32f4xx_hal_flash_ex.c...
compiling stm32f4xx_hal_rcc_ex.c...
compiling stm32f4xx_hal_flash_ramfunc.c...
compiling stm32f4xx_hal_flash.c...
compiling stm32f4xx_hal_gpio.c...
compiling stm32f4xx_hal_rcc.c...
compiling stm32f4xx_hal_dma_ex.c...
compiling stm32f4xx_hal.c...
compiling stm32f4xx_hal_pwr.c...
compiling stm32f4xx_hal_dma.c...
compiling stm32f4xx_hal_cortex.c...
compiling stm32f4xx_hal_pwr_ex.c...
compiling stm32f4xx_hal_exti.c...
compiling croutine.c...
compiling event_groups.c...
compiling list.c...
compiling queue.c...
compiling stream_buffer.c...
compiling tasks.c...
compiling timers.c...
compiling cmsis_os.c...
compiling heap_4.c...
compiling port.c...
compiling lis2dw12_reg.c...
compiling stm32f4xx_hal_i2c.c...
compiling stm32f4xx_hal_i2c_ex.c...
compiling system_stm32f4xx.c...
compiling stm32f4xx_hal_tim_ex.c...
compiling stm32f4xx_hal_uart.c...
compiling DataScope_DP.C...
..\datascope\DataScope_DP.C(64): warning:  #111-D: statement is unreachable
  		 case 1:   DataScope_OutPut_Buffer[5]  =  5; return  6; break;   
..\datascope\DataScope_DP.C(65): warning:  #111-D: statement is unreachable
  		 case 2:   DataScope_OutPut_Buffer[9]  =  9; return 10; break;
..\datascope\DataScope_DP.C(66): warning:  #111-D: statement is unreachable
  		 case 3:   DataScope_OutPut_Buffer[13] = 13; return 14; break;
..\datascope\DataScope_DP.C(67): warning:  #111-D: statement is unreachable
  		 case 4:   DataScope_OutPut_Buffer[17] = 17; return 18; break;
..\datascope\DataScope_DP.C(68): warning:  #111-D: statement is unreachable
  		 case 5:   DataScope_OutPut_Buffer[21] = 21; return 22; break; 
..\datascope\DataScope_DP.C(69): warning:  #111-D: statement is unreachable
  		 case 6:   DataScope_OutPut_Buffer[25] = 25; return 26; break;
..\datascope\DataScope_DP.C(70): warning:  #111-D: statement is unreachable
  		 case 7:   DataScope_OutPut_Buffer[29] = 29; return 30; break;
..\datascope\DataScope_DP.C(71): warning:  #111-D: statement is unreachable
  		 case 8:   DataScope_OutPut_Buffer[33] = 33; return 34; break;
..\datascope\DataScope_DP.C(72): warning:  #111-D: statement is unreachable
  		 case 9:   DataScope_OutPut_Buffer[37] = 37; return 38; break;
..\datascope\DataScope_DP.C(73): warning:  #111-D: statement is unreachable
       case 10:  DataScope_OutPut_Buffer[41] = 41; return 42; break;
..\datascope\DataScope_DP.C: 10 warnings, 0 errors
compiling stm32f4xx_hal_tim.c...
linking...
Program Size: Code=14008 RO-data=516 RW-data=144 ZI-data=18360  
FromELF: creating hex file...
"demo_code\demo_code.axf" - 0 Error(s), 11 Warning(s).

<h2>Software Packages used:</h2>

Package Vendor: ARM
                http://www.keil.com/pack/ARM.CMSIS.5.9.0.pack
                ARM.CMSIS.5.9.0
                CMSIS (Common Microcontroller Software Interface Standard)
   * Component: CORE Version: 5.6.0

Package Vendor: Keil
                http://www.keil.com/pack/Keil.STM32F4xx_DFP.2.16.0.pack
                Keil.STM32F4xx_DFP.2.16.0
                STMicroelectronics STM32F4 Series Device Support, Drivers and Examples

<h2>Collection of Component include folders:</h2>
  ./RTE/_demo_code
  D:/Keil_v5/ARM/Packs/ARM/CMSIS/5.9.0/CMSIS/Core/Include
  D:/Keil_v5/ARM/Packs/Keil/STM32F4xx_DFP/2.16.0/Drivers/CMSIS/Device/ST/STM32F4xx/Include

<h2>Collection of Component Files used:</h2>

   * Component: ARM::CMSIS:CORE:5.6.0
      Include file:  CMSIS/Core/Include/tz_context.h
Build Time Elapsed:  00:00:30
</pre>
</body>
</html>
