Component: ARM Compiler 5.06 update 7 (build 960) Tool: armlink [4d3601]

==============================================================================

Section Cross References

    startup_stm32f411xe.o(STACK) refers (Special) to heapauxi.o(.text) for __use_two_region_memory
    startup_stm32f411xe.o(HEAP) refers (Special) to heapauxi.o(.text) for __use_two_region_memory
    startup_stm32f411xe.o(RESET) refers (Special) to heapauxi.o(.text) for __use_two_region_memory
    startup_stm32f411xe.o(RESET) refers to startup_stm32f411xe.o(STACK) for __initial_sp
    startup_stm32f411xe.o(RESET) refers to startup_stm32f411xe.o(.text) for Reset_Handler
    startup_stm32f411xe.o(RESET) refers to stm32f4xx_it.o(i.NMI_Handler) for NMI_Handler
    startup_stm32f411xe.o(RESET) refers to stm32f4xx_it.o(i.HardFault_Handler) for HardFault_Handler
    startup_stm32f411xe.o(RESET) refers to stm32f4xx_it.o(i.MemManage_Handler) for MemManage_Handler
    startup_stm32f411xe.o(RESET) refers to stm32f4xx_it.o(i.BusFault_Handler) for BusFault_Handler
    startup_stm32f411xe.o(RESET) refers to stm32f4xx_it.o(i.UsageFault_Handler) for UsageFault_Handler
    startup_stm32f411xe.o(RESET) refers to port.o(.emb_text) for SVC_Handler
    startup_stm32f411xe.o(RESET) refers to stm32f4xx_it.o(i.DebugMon_Handler) for DebugMon_Handler
    startup_stm32f411xe.o(RESET) refers to port.o(i.SysTick_Handler) for SysTick_Handler
    startup_stm32f411xe.o(RESET) refers to stm32f4xx_it.o(i.TIM1_UP_TIM10_IRQHandler) for TIM1_UP_TIM10_IRQHandler
    startup_stm32f411xe.o(.text) refers (Special) to heapauxi.o(.text) for __use_two_region_memory
    startup_stm32f411xe.o(.text) refers to system_stm32f4xx.o(i.SystemInit) for SystemInit
    startup_stm32f411xe.o(.text) refers to __main.o(!!!main) for __main
    startup_stm32f411xe.o(.text) refers to startup_stm32f411xe.o(HEAP) for Heap_Mem
    startup_stm32f411xe.o(.text) refers to startup_stm32f411xe.o(STACK) for Stack_Mem
    main.o(i.HAL_TIM_PeriodElapsedCallback) refers to stm32f4xx_hal.o(i.HAL_IncTick) for HAL_IncTick
    main.o(i.SystemClock_Config) refers to rt_memclr_w.o(.text) for __aeabi_memclr4
    main.o(i.SystemClock_Config) refers to stm32f4xx_hal_rcc.o(i.HAL_RCC_OscConfig) for HAL_RCC_OscConfig
    main.o(i.SystemClock_Config) refers to stm32f4xx_hal_rcc.o(i.HAL_RCC_ClockConfig) for HAL_RCC_ClockConfig
    main.o(i.main) refers to stm32f4xx_hal.o(i.HAL_Init) for HAL_Init
    main.o(i.main) refers to main.o(i.SystemClock_Config) for SystemClock_Config
    main.o(i.main) refers to gpio.o(i.MX_GPIO_Init) for MX_GPIO_Init
    main.o(i.main) refers to usart.o(i.MX_USART2_UART_Init) for MX_USART2_UART_Init
    main.o(i.main) refers to i2c.o(i.MX_I2C1_Init) for MX_I2C1_Init
    main.o(i.main) refers to lis2dw12_reg.o(i.LIS2DW12_Init) for LIS2DW12_Init
    main.o(i.main) refers to freertos.o(i.MX_FREERTOS_Init) for MX_FREERTOS_Init
    main.o(i.main) refers to cmsis_os.o(i.osKernelStart) for osKernelStart
    gpio.o(i.MX_GPIO_Init) refers to rt_memclr_w.o(.text) for __aeabi_memclr4
    gpio.o(i.MX_GPIO_Init) refers to stm32f4xx_hal_gpio.o(i.HAL_GPIO_WritePin) for HAL_GPIO_WritePin
    gpio.o(i.MX_GPIO_Init) refers to stm32f4xx_hal_gpio.o(i.HAL_GPIO_Init) for HAL_GPIO_Init
    freertos.o(i.AppTaskCreate) refers to port.o(i.vPortEnterCritical) for vPortEnterCritical
    freertos.o(i.AppTaskCreate) refers to queue.o(i.xQueueGenericCreate) for xQueueGenericCreate
    freertos.o(i.AppTaskCreate) refers to tasks.o(i.xTaskCreate) for xTaskCreate
    freertos.o(i.AppTaskCreate) refers to noretval__2printf.o(.text) for __2printf
    freertos.o(i.AppTaskCreate) refers to tasks.o(i.vTaskDelete) for vTaskDelete
    freertos.o(i.AppTaskCreate) refers to port.o(i.vPortExitCritical) for vPortExitCritical
    freertos.o(i.AppTaskCreate) refers to freertos.o(.data) for .data
    freertos.o(i.AppTaskCreate) refers to freertos.o(i.LIS2DW12_Data_Get_Task) for LIS2DW12_Data_Get_Task
    freertos.o(i.AppTaskCreate) refers to freertos.o(i.LIS2DW12_Data_Send_Task) for LIS2DW12_Data_Send_Task
    freertos.o(i.LIS2DW12_Data_Get_Task) refers to lis2dw12_reg.o(i.lis2dw12_flag_data_ready_get) for lis2dw12_flag_data_ready_get
    freertos.o(i.LIS2DW12_Data_Get_Task) refers to lis2dw12_reg.o(i.lis2dw12_acceleration_raw_get) for lis2dw12_acceleration_raw_get
    freertos.o(i.LIS2DW12_Data_Get_Task) refers to lis2dw12_reg.o(i.lis2dw12_from_fs2_to_mg) for lis2dw12_from_fs2_to_mg
    freertos.o(i.LIS2DW12_Data_Get_Task) refers to cmsis_os.o(i.osDelay) for osDelay
    freertos.o(i.LIS2DW12_Data_Get_Task) refers to freertos.o(.data) for .data
    freertos.o(i.LIS2DW12_Data_Get_Task) refers to main.o(.bss) for dev_ctx
    freertos.o(i.LIS2DW12_Data_Get_Task) refers to freertos.o(.bss) for .bss
    freertos.o(i.LIS2DW12_Data_Send_Task) refers to datascope_dp.o(i.DataScope_Send_3axis_Data) for DataScope_Send_3axis_Data
    freertos.o(i.LIS2DW12_Data_Send_Task) refers to cmsis_os.o(i.osDelay) for osDelay
[...]
    i.HAL_TIM_PWM_PulseFinishedCallback      0x0800204a   Section        0  stm32f4xx_hal_tim.o(i.HAL_TIM_PWM_PulseFinishedCallback)
    i.HAL_TIM_PeriodElapsedCallback          0x0800204c   Section        0  main.o(i.HAL_TIM_PeriodElapsedCallback)
    i.HAL_TIM_TriggerCallback                0x08002060   Section        0  stm32f4xx_hal_tim.o(i.HAL_TIM_TriggerCallback)
    i.HAL_UART_Init                          0x08002062   Section        0  stm32f4xx_hal_uart.o(i.HAL_UART_Init)
    i.HAL_UART_MspInit                       0x080020c4   Section        0  usart.o(i.HAL_UART_MspInit)
    i.HAL_UART_Transmit                      0x0800212c   Section        0  stm32f4xx_hal_uart.o(i.HAL_UART_Transmit)
    i.HardFault_Handler                      0x080021de   Section        0  stm32f4xx_it.o(i.HardFault_Handler)
    i.I2C_IsAcknowledgeFailed                0x080021e0   Section        0  stm32f4xx_hal_i2c.o(i.I2C_IsAcknowledgeFailed)
    I2C_IsAcknowledgeFailed                  0x080021e1   Thumb Code    46  stm32f4xx_hal_i2c.o(i.I2C_IsAcknowledgeFailed)
    i.I2C_RequestMemoryRead                  0x08002210   Section        0  stm32f4xx_hal_i2c.o(i.I2C_RequestMemoryRead)
    I2C_RequestMemoryRead                    0x08002211   Thumb Code   246  stm32f4xx_hal_i2c.o(i.I2C_RequestMemoryRead)
    i.I2C_RequestMemoryWrite                 0x0800230c   Section        0  stm32f4xx_hal_i2c.o(i.I2C_RequestMemoryWrite)
    I2C_RequestMemoryWrite                   0x0800230d   Thumb Code   162  stm32f4xx_hal_i2c.o(i.I2C_RequestMemoryWrite)
    i.I2C_WaitOnBTFFlagUntilTimeout          0x080023b4   Section        0  stm32f4xx_hal_i2c.o(i.I2C_WaitOnBTFFlagUntilTimeout)
    I2C_WaitOnBTFFlagUntilTimeout            0x080023b5   Thumb Code    76  stm32f4xx_hal_i2c.o(i.I2C_WaitOnBTFFlagUntilTimeout)
    i.I2C_WaitOnFlagUntilTimeout             0x08002400   Section        0  stm32f4xx_hal_i2c.o(i.I2C_WaitOnFlagUntilTimeout)
    I2C_WaitOnFlagUntilTimeout               0x08002401   Thumb Code   104  stm32f4xx_hal_i2c.o(i.I2C_WaitOnFlagUntilTimeout)
    i.I2C_WaitOnMasterAddressFlagUntilTimeout 0x08002468   Section        0  stm32f4xx_hal_i2c.o(i.I2C_WaitOnMasterAddressFlagUntilTimeout)
    I2C_WaitOnMasterAddressFlagUntilTimeout  0x08002469   Thumb Code   150  stm32f4xx_hal_i2c.o(i.I2C_WaitOnMasterAddressFlagUntilTimeout)
    i.I2C_WaitOnRXNEFlagUntilTimeout         0x080024fe   Section        0  stm32f4xx_hal_i2c.o(i.I2C_WaitOnRXNEFlagUntilTimeout)
    I2C_WaitOnRXNEFlagUntilTimeout           0x080024ff   Thumb Code   102  stm32f4xx_hal_i2c.o(i.I2C_WaitOnRXNEFlagUntilTimeout)
    i.I2C_WaitOnTXEFlagUntilTimeout          0x08002564   Section        0  stm32f4xx_hal_i2c.o(i.I2C_WaitOnTXEFlagUntilTimeout)
    I2C_WaitOnTXEFlagUntilTimeout            0x08002565   Thumb Code    76  stm32f4xx_hal_i2c.o(i.I2C_WaitOnTXEFlagUntilTimeout)
    i.LIS2DW12_Data_Get_Task                 0x080025b0   Section        0  freertos.o(i.LIS2DW12_Data_Get_Task)
    LIS2DW12_Data_Get_Task                   0x080025b1   Thumb Code   126  freertos.o(i.LIS2DW12_Data_Get_Task)
    i.LIS2DW12_Data_Send_Task                0x08002644   Section        0  freertos.o(i.LIS2DW12_Data_Send_Task)
    LIS2DW12_Data_Send_Task                  0x08002645   Thumb Code    84  freertos.o(i.LIS2DW12_Data_Send_Task)
    i.LIS2DW12_Init                          0x080026a0   Section        0  lis2dw12_reg.o(i.LIS2DW12_Init)
    i.MX_FREERTOS_Init                       0x08002764   Section        0  freertos.o(i.MX_FREERTOS_Init)
    i.MX_GPIO_Init                           0x080027c4   Section        0  gpio.o(i.MX_GPIO_Init)
    i.MX_I2C1_Init                           0x0800285c   Section        0  i2c.o(i.MX_I2C1_Init)
    i.MX_USART2_UART_Init                    0x0800289c   Section        0  usart.o(i.MX_USART2_UART_Init)
    i.MemManage_Handler                      0x080028d4   Section        0  stm32f4xx_it.o(i.MemManage_Handler)
    i.NMI_Handler                            0x080028d6   Section        0  stm32f4xx_it.o(i.NMI_Handler)
    i.SysTick_Handler                        0x080028d8   Section        0  port.o(i.SysTick_Handler)
    i.SystemClock_Config                     0x08002904   Section        0  main.o(i.SystemClock_Config)
    i.SystemInit                             0x08002994   Section        0  system_stm32f4xx.o(i.SystemInit)
    i.TIM1_UP_TIM10_IRQHandler               0x080029a4   Section        0  stm32f4xx_it.o(i.TIM1_UP_TIM10_IRQHandler)
    i.TIM_Base_SetConfig                     0x080029b0   Section        0  stm32f4xx_hal_tim.o(i.TIM_Base_SetConfig)
    i.UART_SetConfig                         0x08002a48   Section        0  stm32f4xx_hal_uart.o(i.UART_SetConfig)
    UART_SetConfig                           0x08002a49   Thumb Code   258  stm32f4xx_hal_uart.o(i.UART_SetConfig)
    i.UART_WaitOnFlagUntilTimeout            0x08002b54   Section        0  stm32f4xx_hal_uart.o(i.UART_WaitOnFlagUntilTimeout)
    UART_WaitOnFlagUntilTimeout              0x08002b55   Thumb Code   120  stm32f4xx_hal_uart.o(i.UART_WaitOnFlagUntilTimeout)
    i.UsageFault_Handler                     0x08002bcc   Section        0  stm32f4xx_it.o(i.UsageFault_Handler)
    i.__NVIC_SetPriority                     0x08002bce   Section        0  stm32f4xx_hal_cortex.o(i.__NVIC_SetPriority)
    __NVIC_SetPriority                       0x08002bcf   Thumb Code    32  stm32f4xx_hal_cortex.o(i.__NVIC_SetPriority)
    i.fputc                                  0x08002bf0   Section        0  usart.o(i.fputc)
    i.lis2dw12_acceleration_raw_get          0x08002c10   Section        0  lis2dw12_reg.o(i.lis2dw12_acceleration_raw_get)
    i.lis2dw12_block_data_update_set         0x08002c50   Section        0  lis2dw12_reg.o(i.lis2dw12_block_data_update_set)
    i.lis2dw12_data_rate_set                 0x08002c7e   Section        0  lis2dw12_reg.o(i.lis2dw12_data_rate_set)
    i.lis2dw12_device_id_get                 0x08002cda   Section        0  lis2dw12_reg.o(i.lis2dw12_device_id_get)
    i.lis2dw12_filter_bandwidth_set          0x08002ce4   Section        0  lis2dw12_reg.o(i.lis2dw12_filter_bandwidth_set)
    i.lis2dw12_filter_path_set               0x08002d12   Section        0  lis2dw12_reg.o(i.lis2dw12_filter_path_set)
    i.lis2dw12_flag_data_ready_get           0x08002d6e   Section        0  lis2dw12_reg.o(i.lis2dw12_flag_data_ready_get)
    i.lis2dw12_from_fs2_to_mg                0x08002d88   Section        0  lis2dw12_reg.o(i.lis2dw12_from_fs2_to_mg)
    i.lis2dw12_full_scale_set                0x08002da0   Section        0  lis2dw12_reg.o(i.lis2dw12_full_scale_set)
    i.lis2dw12_power_mode_set                0x08002dce   Section        0  lis2dw12_reg.o(i.lis2dw12_power_mode_set)
    i.lis2dw12_read_reg                      0x08002e30   Section        0  lis2dw12_reg.o(i.lis2dw12_read_reg)
    i.lis2dw12_reset_get                     0x08002e3e   Section        0  lis2dw12_reg.o(i.lis2dw12_reset_get)
    i.lis2dw12_reset_set                     0x08002e58   Section        0  lis2dw12_reg.o(i.lis2dw12_reset_set)
    i.lis2dw12_write_reg                     0x08002e86   Section        0  lis2dw12_reg.o(i.lis2dw12_write_reg)
    i.main                                   0x08002e94   Section        0  main.o(i.main)
    i.osDelay                                0x08002eb6   Section        0  cmsis_os.o(i.osDelay)
    i.osKernelStart                          0x08002ec4   Section        0  cmsis_os.o(i.osKernelStart)
    i.platform_read                          0x08002ece   Section        0  lis2dw12_reg.o(i.platform_read)
    platform_read                            0x08002ecf   Thumb Code    24  lis2dw12_reg.o(i.platform_read)
    i.platform_write                         0x08002ee6   Section        0  lis2dw12_reg.o(i.platform_write)
    platform_write                           0x08002ee7   Thumb Code    24  lis2dw12_reg.o(i.platform_write)
    i.prvAddCurrentTaskToDelayedList         0x08002f00   Section        0  tasks.o(i.prvAddCurrentTaskToDelayedList)
    prvAddCurrentTaskToDelayedList           0x08002f01   Thumb Code   102  tasks.o(i.prvAddCurrentTaskToDelayedList)
    i.prvAddNewTaskToReadyList               0x08002f70   Section        0  tasks.o(i.prvAddNewTaskToReadyList)
    prvAddNewTaskToReadyList                 0x08002f71   Thumb Code   194  tasks.o(i.prvAddNewTaskToReadyList)
    i.prvDeleteTCB                           0x08003040   Section        0  tasks.o(i.prvDeleteTCB)
    prvDeleteTCB                             0x08003041   Thumb Code    52  tasks.o(i.prvDeleteTCB)
    i.prvHeapInit                            0x08003074   Section        0  heap_4.o(i.prvHeapInit)
    prvHeapInit                              0x08003075   Thumb Code    66  heap_4.o(i.prvHeapInit)
    i.prvIdleTask                            0x080030c0   Section        0  tasks.o(i.prvIdleTask)
    prvIdleTask                              0x080030c1   Thumb Code    82  tasks.o(i.prvIdleTask)
    i.prvInitialiseNewQueue                  0x08003120   Section        0  queue.o(i.prvInitialiseNewQueue)
    prvInitialiseNewQueue                    0x08003121   Thumb Code    22  queue.o(i.prvInitialiseNewQueue)
    i.prvInitialiseNewTask                   0x08003136   Section        0  tasks.o(i.prvInitialiseNewTask)
    prvInitialiseNewTask                     0x08003137   Thumb Code   152  tasks.o(i.prvInitialiseNewTask)
    i.prvInsertBlockIntoFreeList             0x080031d0   Section        0  heap_4.o(i.prvInsertBlockIntoFreeList)
    prvInsertBlockIntoFreeList               0x080031d1   Thumb Code    72  heap_4.o(i.prvInsertBlockIntoFreeList)
    i.prvResetNextTaskUnblockTime            0x0800321c   Section        0  tasks.o(i.prvResetNextTaskUnblockTime)
    prvResetNextTaskUnblockTime              0x0800321d   Thumb Code    26  tasks.o(i.prvResetNextTaskUnblockTime)
    i.prvTaskExitError                       0x0800323c   Section        0  port.o(i.prvTaskExitError)
    prvTaskExitError                         0x0800323d   Thumb Code    36  port.o(i.prvTaskExitError)
    i.pvPortMalloc                           0x08003264   Section        0  heap_4.o(i.pvPortMalloc)
    i.pxPortInitialiseStack                  0x08003340   Section        0  port.o(i.pxPortInitialiseStack)
    i.tx_com                                 0x0800336c   Section        0  usart.o(i.tx_com)
    i.uxListRemove                           0x08003380   Section        0  list.o(i.uxListRemove)
    i.vApplicationGetIdleTaskMemory          0x080033a8   Section        0  freertos.o(i.vApplicationGetIdleTaskMemory)
    i.vListInitialise                        0x080033bc   Section        0  list.o(i.vListInitialise)
    i.vListInitialiseItem                    0x080033d2   Section        0  list.o(i.vListInitialiseItem)
    i.vListInsert                            0x080033d8   Section        0  list.o(i.vListInsert)
    i.vListInsertEnd                         0x08003408   Section        0  list.o(i.vListInsertEnd)
    i.vPortEnterCritical                     0x08003420   Section        0  port.o(i.vPortEnterCritical)
    i.vPortExitCritical                      0x08003460   Section        0  port.o(i.vPortExitCritical)
    i.vPortFree                              0x08003488   Section        0  heap_4.o(i.vPortFree)
    i.vPortSetupTimerInterrupt               0x080034ec   Section        0  port.o(i.vPortSetupTimerInterrupt)
    i.vTaskDelay                             0x08003510   Section        0  tasks.o(i.vTaskDelay)
    i.vTaskDelete                            0x0800355c   Section        0  tasks.o(i.vTaskDelete)
    i.vTaskStartScheduler                    0x08003608   Section        0  tasks.o(i.vTaskStartScheduler)
    i.vTaskSuspendAll                        0x08003674   Section        0  tasks.o(i.vTaskSuspendAll)
    i.vTaskSwitchContext                     0x08003684   Section        0  tasks.o(i.vTaskSwitchContext)
    i.xPortStartScheduler                    0x080036e0   Section        0  port.o(i.xPortStartScheduler)
    i.xQueueGenericCreate                    0x080037d4   Section        0  queue.o(i.xQueueGenericCreate)
    i.xQueueGenericReset                     0x08003818   Section        0  queue.o(i.xQueueGenericReset)
    i.xTaskCreate                            0x080038a0   Section        0  tasks.o(i.xTaskCreate)
    i.xTaskCreateStatic                      0x080038fa   Section        0  tasks.o(i.xTaskCreateStatic)
    i.xTaskIncrementTick                     0x08003950   Section        0  tasks.o(i.xTaskIncrementTick)
    i.xTaskRemoveFromEventList               0x08003a1c   Section        0  tasks.o(i.xTaskRemoveFromEventList)
    i.xTaskResumeAll                         0x08003a90   Section        0  tasks.o(i.xTaskResumeAll)
    x$fpl$fpinit                             0x08003b54   Section       10  fpinit.o(x$fpl$fpinit)
    $v0                                      0x08003b54   Number         0  fpinit.o(x$fpl$fpinit)
    .constdata                               0x08003b5e   Section       16  system_stm32f4xx.o(.constdata)
    .constdata                               0x08003b6e   Section        8  system_stm32f4xx.o(.constdata)
    .constdata                               0x08003b76   Section        4  sys_io.o(.constdata)
    .constdata                               0x08003b7a   Section        4  sys_io.o(.constdata)
    .constdata                               0x08003b7e   Section        4  sys_io.o(.constdata)
    .data                                    0x20000000   Section       38  freertos.o(.data)
    AppTaskCreate_Handle                     0x20000004   Data           4  freertos.o(.data)
    LIS2DW12_Data_Get_Task_Handle            0x20000008   Data           4  freertos.o(.data)
    LIS2DW12_Data_Send_Task_Handle           0x2000000c   Data           4  freertos.o(.data)
    .data                                    0x20000028   Section       12  stm32f4xx_hal.o(.data)
    .data                                    0x20000034   Section        4  system_stm32f4xx.o(.data)
    .data                                    0x20000038   Section       60  tasks.o(.data)
    uxDeletedTasksWaitingCleanUp             0x2000003c   Data           4  tasks.o(.data)
    uxCurrentNumberOfTasks                   0x20000040   Data           4  tasks.o(.data)
    xTickCount                               0x20000044   Data           4  tasks.o(.data)
    uxTopReadyPriority                       0x20000048   Data           4  tasks.o(.data)
    xSchedulerRunning                        0x2000004c   Data           4  tasks.o(.data)
    xPendedTicks                             0x20000050   Data           4  tasks.o(.data)
    xYieldPending                            0x20000054   Data           4  tasks.o(.data)
    xNumOfOverflows                          0x20000058   Data           4  tasks.o(.data)
    uxTaskNumber                             0x2000005c   Data           4  tasks.o(.data)
    xNextTaskUnblockTime                     0x20000060   Data           4  tasks.o(.data)
    xIdleTaskHandle                          0x20000064   Data           4  tasks.o(.data)
    uxSchedulerSuspended                     0x20000068   Data           4  tasks.o(.data)
    pxDelayedTaskList                        0x2000006c   Data           4  tasks.o(.data)
    pxOverflowDelayedTaskList                0x20000070   Data           4  tasks.o(.data)
    .data                                    0x20000074   Section       32  heap_4.o(.data)
    pxEnd                                    0x20000074   Data           4  heap_4.o(.data)
    xFreeBytesRemaining                      0x20000078   Data           4  heap_4.o(.data)
    xMinimumEverFreeBytesRemaining           0x2000007c   Data           4  heap_4.o(.data)
    xNumberOfSuccessfulAllocations           0x20000080   Data           4  heap_4.o(.data)
    xNumberOfSuccessfulFrees                 0x20000084   Data           4  heap_4.o(.data)
    xBlockAllocatedBit                       0x20000088   Data           4  heap_4.o(.data)
    xStart                                   0x2000008c   Data           8  heap_4.o(.data)
    .data                                    0x20000094   Section       12  port.o(.data)
    ucMaxSysCallPriority                     0x20000094   Data           1  port.o(.data)
    uxCriticalNesting                        0x20000098   Data           4  port.o(.data)
    ulMaxPRIGROUPValue                       0x2000009c   Data           4  port.o(.data)
    .data                                    0x200000a0   Section        2  lis2dw12_reg.o(.data)
    whoamI                                   0x200000a0   Data           1  lis2dw12_reg.o(.data)
    rst                                      0x200000a1   Data           1  lis2dw12_reg.o(.data)
    .data                                    0x200000a4   Section        4  stdio_streams.o(.data)
    .data                                    0x200000a8   Section        4  stdio_streams.o(.data)
    .data                                    0x200000ac   Section        4  stdio_streams.o(.data)
    .bss                                     0x200000b0   Section       16  main.o(.bss)
    .bss                                     0x200000c0   Section     6740  freertos.o(.bss)
    xIdleTaskTCBBuffer                       0x200018c0   Data          84  freertos.o(.bss)
    xIdleStack                               0x20001914   Data         512  freertos.o(.bss)
    .bss                                     0x20001b14   Section       84  i2c.o(.bss)
    .bss                                     0x20001b68   Section       68  usart.o(.bss)
    .bss                                     0x20001bac   Section       72  stm32f4xx_hal_timebase_tim.o(.bss)
    .bss                                     0x20001bf4   Section      240  tasks.o(.bss)
    pxReadyTasksLists                        0x20001bf4   Data         140  tasks.o(.bss)
    xDelayedTaskList1                        0x20001c80   Data          20  tasks.o(.bss)
    xDelayedTaskList2                        0x20001c94   Data          20  tasks.o(.bss)
    xPendingReadyList                        0x20001ca8   Data          20  tasks.o(.bss)
    xTasksWaitingTermination                 0x20001cbc   Data          20  tasks.o(.bss)
    xSuspendedTaskList                       0x20001cd0   Data          20  tasks.o(.bss)
    .bss                                     0x20001ce4   Section    10240  heap_4.o(.bss)
    ucHeap                                   0x20001ce4   Data       10240  heap_4.o(.bss)
    .bss                                     0x200044e4   Section       42  datascope_dp.o(.bss)
    .bss                                     0x20004510   Section       84  stdio_streams.o(.bss)
    .bss                                     0x20004564   Section       84  stdio_streams.o(.bss)
    .bss                                     0x200045b8   Section       84  stdio_streams.o(.bss)
    .bss                                     0x2000460c   Section       96  libspace.o(.bss)
    HEAP                                     0x20004670   Section      512  startup_stm32f411xe.o(HEAP)
    Heap_Mem                                 0x20004670   Data         512  startup_stm32f411xe.o(HEAP)
    STACK                                    0x20004870   Section     1024  startup_stm32f411xe.o(STACK)
    Stack_Mem                                0x20004870   Data        1024  startup_stm32f411xe.o(STACK)
    __initial_sp                             0x20004c70   Data           0  startup_stm32f411xe.o(STACK)

    Global Symbols

    Symbol Name                              Value     Ov Type        Size  Object(Section)

    BuildAttributes$$THM_ISAv4$E$P$D$K$B$S$7EM$VFPi3$EXTD16$VFPS$VFMA$PE$A:L22UL41UL21$X:L11$S22US41US21$IEEE1$IW$USESV6$~STKCKD$USESV7$~SHL$OTIME$ROPI$EBA8$UX$STANDARDLIB$REQ8$PRES8$EABIv2 0x00000000   Number         0  anon$$obj.o ABSOLUTE
    __ARM_use_no_argv                        0x00000000   Number         0  main.o ABSOLUTE
    __ARM_exceptions_init                     - Undefined Weak Reference
    __alloca_initialize                       - Undefined Weak Reference
    __arm_fini_                               - Undefined Weak Reference
    __arm_preinit_                            - Undefined Weak Reference
    __cpp_initialize__aeabi_                  - Undefined Weak Reference
    __cxa_finalize                            - Undefined Weak Reference
    __rt_locale                               - Undefined Weak Reference
    __sigvec_lookup                           - Undefined Weak Reference
    __user_heap_extent                        - Undefined Weak Reference
    _atexit_init                              - Undefined Weak Reference
    _call_atexit_fns                          - Undefined Weak Reference
    _clock_init                               - Undefined Weak Reference
    _fp_trap_init                             - Undefined Weak Reference
    _fp_trap_shutdown                         - Undefined Weak Reference
    _get_lc_collate                           - Undefined Weak Reference
    _get_lc_ctype                             - Undefined Weak Reference
    _get_lc_monetary                          - Undefined Weak Reference
    _get_lc_numeric                           - Undefined Weak Reference
    _get_lc_time                              - Undefined Weak Reference
    _getenv_init                              - Undefined Weak Reference
    _handle_redirection                       - Undefined Weak Reference
    _mutex_acquire                            - Undefined Weak Reference
    _mutex_free                               - Undefined Weak Reference
    _mutex_release                            - Undefined Weak Reference
    _rand_init                                - Undefined Weak Reference
    _signal_finish                            - Undefined Weak Reference
    _signal_init                              - Undefined Weak Reference
    __Vectors_Size                           0x00000198   Number         0  startup_stm32f411xe.o ABSOLUTE
    __Vectors                                0x08000000   Data           4  startup_stm32f411xe.o(RESET)
    __Vectors_End                            0x08000198   Data           0  startup_stm32f411xe.o(RESET)
    __main                                   0x08000199   Thumb Code     8  __main.o(!!!main)
    __scatterload                            0x080001a1   Thumb Code     0  __scatter.o(!!!scatter)
    __scatterload_rt2                        0x080001a1   Thumb Code    44  __scatter.o(!!!scatter)
    __scatterload_rt2_thumb_only             0x080001a1   Thumb Code     0  __scatter.o(!!!scatter)
    __scatterload_null                       0x080001af   Thumb Code     0  __scatter.o(!!!scatter)
    __scatterload_copy                       0x080001d5   Thumb Code    26  __scatter_copy.o(!!handler_copy)
    __scatterload_zeroinit                   0x080001f1   Thumb Code    28  __scatter_zi.o(!!handler_zi)
    __rt_lib_init                            0x0800020d   Thumb Code     0  libinit.o(.ARM.Collect$$libinit$$00000000)
    __rt_lib_init_fp_1                       0x0800020f   Thumb Code     0  libinit2.o(.ARM.Collect$$libinit$$00000001)
    __rt_lib_init_heap_2                     0x08000213   Thumb Code     0  libinit2.o(.ARM.Collect$$libinit$$00000005)
    __rt_lib_init_preinit_1                  0x08000213   Thumb Code     0  libinit2.o(.ARM.Collect$$libinit$$00000004)
    __rt_lib_init_atexit_1                   0x0800021b   Thumb Code     0  libinit2.o(.ARM.Collect$$libinit$$0000001B)
    __rt_lib_init_clock_1                    0x0800021b   Thumb Code     0  libinit2.o(.ARM.Collect$$libinit$$00000021)
    __rt_lib_init_fp_trap_1                  0x0800021b   Thumb Code     0  libinit2.o(.ARM.Collect$$libinit$$0000001F)
    __rt_lib_init_getenv_1                   0x0800021b   Thumb Code     0  libinit2.o(.ARM.Collect$$libinit$$00000023)
    __rt_lib_init_heap_1                     0x0800021b   Thumb Code     0  libinit2.o(.ARM.Collect$$libinit$$0000000A)
    __rt_lib_init_lc_collate_1               0x0800021b   Thumb Code     0  libinit2.o(.ARM.Collect$$libinit$$00000011)
    __rt_lib_init_lc_ctype_1                 0x0800021b   Thumb Code     0  libinit2.o(.ARM.Collect$$libinit$$00000013)
    __rt_lib_init_lc_monetary_1              0x0800021b   Thumb Code     0  libinit2.o(.ARM.Collect$$libinit$$00000015)
    __rt_lib_init_lc_numeric_1               0x0800021b   Thumb Code     0  libinit2.o(.ARM.Collect$$libinit$$00000017)
    __rt_lib_init_lc_time_1                  0x0800021b   Thumb Code     0  libinit2.o(.ARM.Collect$$libinit$$00000019)
    __rt_lib_init_rand_1                     0x0800021b   Thumb Code     0  libinit2.o(.ARM.Collect$$libinit$$0000000E)
    __rt_lib_init_signal_1                   0x0800021b   Thumb Code     0  libinit2.o(.ARM.Collect$$libinit$$0000001D)
    __rt_lib_init_stdio_2                    0x0800021b   Thumb Code     0  libinit2.o(.ARM.Collect$$libinit$$00000024)
    __rt_lib_init_user_alloc_1               0x0800021b   Thumb Code     0  libinit2.o(.ARM.Collect$$libinit$$0000000C)
    __rt_lib_init_alloca_1                   0x0800021f   Thumb Code     0  libinit2.o(.ARM.Collect$$libinit$$0000002E)
    __rt_lib_init_argv_1                     0x0800021f   Thumb Code     0  libinit2.o(.ARM.Collect$$libinit$$0000002C)
    __rt_lib_init_cpp_1                      0x0800021f   Thumb Code     0  libinit2.o(.ARM.Collect$$libinit$$00000032)
    __rt_lib_init_exceptions_1               0x0800021f   Thumb Code     0  libinit2.o(.ARM.Collect$$libinit$$00000030)
    __rt_lib_init_return                     0x0800021f   Thumb Code     0  libinit2.o(.ARM.Collect$$libinit$$00000033)
    __rt_lib_init_stdio_1                    0x0800021f   Thumb Code     0  libinit2.o(.ARM.Collect$$libinit$$00000025)
    __rt_lib_shutdown                        0x08000221   Thumb Code     0  libshutdown.o(.ARM.Collect$$libshutdown$$00000000)
    __rt_lib_shutdown_cpp_1                  0x08000223   Thumb Code     0  libshutdown2.o(.ARM.Collect$$libshutdown$$00000004)
    __rt_lib_shutdown_fini_1                 0x08000223   Thumb Code     0  libshutdown2.o(.ARM.Collect$$libshutdown$$00000002)
    __rt_lib_shutdown_stdio_2                0x08000223   Thumb Code     0  libshutdown2.o(.ARM.Collect$$libshutdown$$00000005)
    __rt_lib_shutdown_fp_trap_1              0x08000227   Thumb Code     0  libshutdown2.o(.ARM.Collect$$libshutdown$$00000009)
    __rt_lib_shutdown_heap_1                 0x08000227   Thumb Code     0  libshutdown2.o(.ARM.Collect$$libshutdown$$00000011)
    __rt_lib_shutdown_return                 0x08000227   Thumb Code     0  libshutdown2.o(.ARM.Collect$$libshutdown$$00000012)
    __rt_lib_shutdown_signal_1               0x08000227   Thumb Code     0  libshutdown2.o(.ARM.Collect$$libshutdown$$0000000C)
    __rt_lib_shutdown_stdio_1                0x08000227   Thumb Code     0  libshutdown2.o(.ARM.Collect$$libshutdown$$00000006)
    __rt_lib_shutdown_user_alloc_1           0x08000227   Thumb Code     0  libshutdown2.o(.ARM.Collect$$libshutdown$$0000000E)
    __rt_entry                               0x08000229   Thumb Code     0  __rtentry.o(.ARM.Collect$$rtentry$$00000000)
    __rt_entry_presh_1                       0x08000229   Thumb Code     0  __rtentry2.o(.ARM.Collect$$rtentry$$00000002)
    __rt_entry_sh                            0x08000229   Thumb Code     0  __rtentry4.o(.ARM.Collect$$rtentry$$00000004)
    __rt_entry_li                            0x0800022f   Thumb Code     0  __rtentry2.o(.ARM.Collect$$rtentry$$0000000A)
    __rt_entry_postsh_1                      0x0800022f   Thumb Code     0  __rtentry2.o(.ARM.Collect$$rtentry$$00000009)
    __rt_entry_main                          0x08000233   Thumb Code     0  __rtentry2.o(.ARM.Collect$$rtentry$$0000000D)
    __rt_entry_postli_1                      0x08000233   Thumb Code     0  __rtentry2.o(.ARM.Collect$$rtentry$$0000000C)
    __rt_exit                                0x0800023b   Thumb Code     0  rtexit.o(.ARM.Collect$$rtexit$$00000000)
    __rt_exit_ls                             0x0800023d   Thumb Code     0  rtexit2.o(.ARM.Collect$$rtexit$$00000003)
    __rt_exit_prels_1                        0x0800023d   Thumb Code     0  rtexit2.o(.ARM.Collect$$rtexit$$00000002)
    __rt_exit_exit                           0x08000241   Thumb Code     0  rtexit2.o(.ARM.Collect$$rtexit$$00000004)
    SVC_Handler                              0x08000249   Thumb Code    28  port.o(.emb_text)
    __asm___6_port_c_39a90d8d__prvStartFirstTask 0x08000269   Thumb Code    36  port.o(.emb_text)
    __asm___6_port_c_39a90d8d__prvEnableVFP  0x08000291   Thumb Code    16  port.o(.emb_text)
    PendSV_Handler                           0x080002a5   Thumb Code    88  port.o(.emb_text)
    vPortGetIPSR                             0x08000301   Thumb Code     6  port.o(.emb_text)
    Reset_Handler                            0x08000309   Thumb Code     8  startup_stm32f411xe.o(.text)
    _maybe_terminate_alloc                   0x08000309   Thumb Code     0  maybetermalloc1.o(.emb_text)
    ADC_IRQHandler                           0x08000323   Thumb Code     0  startup_stm32f411xe.o(.text)
    DMA1_Stream0_IRQHandler                  0x08000323   Thumb Code     0  startup_stm32f411xe.o(.text)
    DMA1_Stream1_IRQHandler                  0x08000323   Thumb Code     0  startup_stm32f411xe.o(.text)
    DMA1_Stream2_IRQHandler                  0x08000323   Thumb Code     0  startup_stm32f411xe.o(.text)
    DMA1_Stream3_IRQHandler                  0x08000323   Thumb Code     0  startup_stm32f411xe.o(.text)
    DMA1_Stream4_IRQHandler                  0x08000323   Thumb Code     0  startup_stm32f411xe.o(.text)
    DMA1_Stream5_IRQHandler                  0x08000323   Thumb Code     0  startup_stm32f411xe.o(.text)
    DMA1_Stream6_IRQHandler                  0x08000323   Thumb Code     0  startup_stm32f411xe.o(.text)
    DMA1_Stream7_IRQHandler                  0x08000323   Thumb Code     0  startup_stm32f411xe.o(.text)
    DMA2_Stream0_IRQHandler                  0x08000323   Thumb Code     0  startup_stm32f411xe.o(.text)
    DMA2_Stream1_IRQHandler                  0x08000323   Thumb Code     0  startup_stm32f411xe.o(.text)
    DMA2_Stream2_IRQHandler                  0x08000323   Thumb Code     0  startup_stm32f411xe.o(.text)
    DMA2_Stream3_IRQHandler                  0x08000323   Thumb Code     0  startup_stm32f411xe.o(.text)
    DMA2_Stream4_IRQHandler                  0x08000323   Thumb Code     0  startup_stm32f411xe.o(.text)
    DMA2_Stream5_IRQHandler                  0x08000323   Thumb Code     0  startup_stm32f411xe.o(.text)
    DMA2_Stream6_IRQHandler                  0x08000323   Thumb Code     0  startup_stm32f411xe.o(.text)
    DMA2_Stream7_IRQHandler                  0x08000323   Thumb Code     0  startup_stm32f411xe.o(.text)
    EXTI0_IRQHandler                         0x08000323   Thumb Code     0  startup_stm32f411xe.o(.text)
    EXTI15_10_IRQHandler                     0x08000323   Thumb Code     0  startup_stm32f411xe.o(.text)
    EXTI1_IRQHandler                         0x08000323   Thumb Code     0  startup_stm32f411xe.o(.text)
    EXTI2_IRQHandler                         0x08000323   Thumb Code     0  startup_stm32f411xe.o(.text)
    EXTI3_IRQHandler                         0x08000323   Thumb Code     0  startup_stm32f411xe.o(.text)
    EXTI4_IRQHandler                         0x08000323   Thumb Code     0  startup_stm32f411xe.o(.text)
    EXTI9_5_IRQHandler                       0x08000323   Thumb Code     0  startup_stm32f411xe.o(.text)
    FLASH_IRQHandler                         0x08000323   Thumb Code     0  startup_stm32f411xe.o(.text)
    FPU_IRQHandler                           0x08000323   Thumb Code     0  startup_stm32f411xe.o(.text)
    I2C1_ER_IRQHandler                       0x08000323   Thumb Code     0  startup_stm32f411xe.o(.text)
    I2C1_EV_IRQHandler                       0x08000323   Thumb Code     0  startup_stm32f411xe.o(.text)
    I2C2_ER_IRQHandler                       0x08000323   Thumb Code     0  startup_stm32f411xe.o(.text)
    I2C2_EV_IRQHandler                       0x08000323   Thumb Code     0  startup_stm32f411xe.o(.text)
    I2C3_ER_IRQHandler                       0x08000323   Thumb Code     0  startup_stm32f411xe.o(.text)
    I2C3_EV_IRQHandler                       0x08000323   Thumb Code     0  startup_stm32f411xe.o(.text)
    OTG_FS_IRQHandler                        0x08000323   Thumb Code     0  startup_stm32f411xe.o(.text)
    OTG_FS_WKUP_IRQHandler                   0x08000323   Thumb Code     0  startup_stm32f411xe.o(.text)
    PVD_IRQHandler                           0x08000323   Thumb Code     0  startup_stm32f411xe.o(.text)
    RCC_IRQHandler                           0x08000323   Thumb Code     0  startup_stm32f411xe.o(.text)
    RTC_Alarm_IRQHandler                     0x08000323   Thumb Code     0  startup_stm32f411xe.o(.text)
    RTC_WKUP_IRQHandler                      0x08000323   Thumb Code     0  startup_stm32f411xe.o(.text)
    SDIO_IRQHandler                          0x08000323   Thumb Code     0  startup_stm32f411xe.o(.text)
    SPI1_IRQHandler                          0x08000323   Thumb Code     0  startup_stm32f411xe.o(.text)
    SPI2_IRQHandler                          0x08000323   Thumb Code     0  startup_stm32f411xe.o(.text)
    SPI3_IRQHandler                          0x08000323   Thumb Code     0  startup_stm32f411xe.o(.text)
    SPI4_IRQHandler                          0x08000323   Thumb Code     0  startup_stm32f411xe.o(.text)
    SPI5_IRQHandler                          0x08000323   Thumb Code     0  startup_stm32f411xe.o(.text)
    TAMP_STAMP_IRQHandler                    0x08000323   Thumb Code     0  startup_stm32f411xe.o(.text)
    TIM1_BRK_TIM9_IRQHandler                 0x08000323   Thumb Code     0  startup_stm32f411xe.o(.text)
    TIM1_CC_IRQHandler                       0x08000323   Thumb Code     0  startup_stm32f411xe.o(.text)
    TIM1_TRG_COM_TIM11_IRQHandler            0x08000323   Thumb Code     0  startup_stm32f411xe.o(.text)
    TIM2_IRQHandler                          0x08000323   Thumb Code     0  startup_stm32f411xe.o(.text)
    TIM3_IRQHandler                          0x08000323   Thumb Code     0  startup_stm32f411xe.o(.text)
    TIM4_IRQHandler                          0x08000323   Thumb Code     0  startup_stm32f411xe.o(.text)
    TIM5_IRQHandler                          0x08000323   Thumb Code     0  startup_stm32f411xe.o(.text)
    USART1_IRQHandler                        0x08000323   Thumb Code     0  startup_stm32f411xe.o(.text)
    USART2_IRQHandler                        0x08000323   Thumb Code     0  startup_stm32f411xe.o(.text)
    USART6_IRQHandler                        0x08000323   Thumb Code     0  startup_stm32f411xe.o(.text)
    WWDG_IRQHandler                          0x08000323   Thumb Code     0  startup_stm32f411xe.o(.text)
    __user_initial_stackheap                 0x08000325   Thumb Code     0  startup_stm32f411xe.o(.text)
    __aeabi_uldivmod                         0x08000349   Thumb Code     0  lludivv7m.o(.text)
    _ll_udiv                                 0x08000349   Thumb Code   238  lludivv7m.o(.text)
    __2printf                                0x08000439   Thumb Code    20  noretval__2printf.o(.text)
    __aeabi_memclr4                          0x08000451   Thumb Code     0  rt_memclr_w.o(.text)
    __aeabi_memclr8                          0x08000451   Thumb Code     0  rt_memclr_w.o(.text)
    __rt_memclr_w                            0x08000451   Thumb Code    78  rt_memclr_w.o(.text)
    _memset_w                                0x08000455   Thumb Code     0  rt_memclr_w.o(.text)
    __use_two_region_memory                  0x0800049f   Thumb Code     2  heapauxi.o(.text)
    __rt_heap_escrow                         0x080004a1   Thumb Code     2  heapauxi.o(.text)
    __rt_heap_expand                         0x080004a3   Thumb Code     2  heapauxi.o(.text)
    _printf_char_file                        0x080004a5   Thumb Code    32  _printf_char_file.o(.text)
    _printf_char_common                      0x080004d3   Thumb Code    32  _printf_char_common.o(.text)
    ferror                                   0x080004f9   Thumb Code     8  ferror.o(.text)
    _initio                                  0x08000501   Thumb Code   210  initio.o(.text)
    _terminateio                             0x080005d3   Thumb Code    56  initio.o(.text)
    _sys_open                                0x08000639   Thumb Code    20  sys_io.o(.text)
    _sys_close                               0x0800064d   Thumb Code    12  sys_io.o(.text)
    _sys_write                               0x08000659   Thumb Code    16  sys_io.o(.text)
    _sys_read                                0x08000669   Thumb Code    14  sys_io.o(.text)
    _sys_istty                               0x08000677   Thumb Code    12  sys_io.o(.text)
    _sys_seek                                0x08000683   Thumb Code    14  sys_io.o(.text)
    _sys_ensure                              0x08000691   Thumb Code     2  sys_io.o(.text)
    _sys_flen                                0x08000693   Thumb Code    12  sys_io.o(.text)
    __user_setup_stackheap                   0x0800069f   Thumb Code    74  sys_stackheap_outer.o(.text)
    free                                     0x080006e9   Thumb Code    78  h1_free.o(.text)
    __printf                                 0x08000737   Thumb Code    40  __printf_nopercent.o(.text)
    setvbuf                                  0x0800075f   Thumb Code    70  setvbuf.o(.text)
    freopen                                  0x080007a5   Thumb Code   158  fopen.o(.text)
    fopen                                    0x08000843   Thumb Code    74  fopen.o(.text)
    _fclose_internal                         0x08000891   Thumb Code    76  fclose.o(.text)
    fclose                                   0x08000891   Thumb Code     0  fclose.o(.text)
    exit                                     0x080008dd   Thumb Code    18  exit.o(.text)
    __rt_SIGRTRED                            0x080008ef   Thumb Code    14  defsig_rtred_outer.o(.text)
    __user_libspace                          0x080008fd   Thumb Code     8  libspace.o(.text)
    __user_perproc_libspace                  0x080008fd   Thumb Code     0  libspace.o(.text)
    __user_perthread_libspace                0x080008fd   Thumb Code     0  libspace.o(.text)
    __I$use$semihosting                      0x08000905   Thumb Code     0  use_no_semi.o(.text)
    __use_no_semihosting_swi                 0x08000905   Thumb Code     2  use_no_semi.o(.text)
    __semihosting_library_function           0x08000907   Thumb Code     0  indicate_semi.o(.text)
    __rt_heap_descriptor                     0x08000909   Thumb Code     8  rt_heap_descriptor_intlibspace.o(.text)
    __use_no_heap                            0x08000911   Thumb Code     2  hguard.o(.text)
    __heap$guard                             0x08000913   Thumb Code     2  hguard.o(.text)
    _terminate_user_alloc                    0x08000915   Thumb Code     2  init_alloc.o(.text)
    _init_user_alloc                         0x08000917   Thumb Code     2  init_alloc.o(.text)
    __Heap_Full                              0x08000919   Thumb Code    34  init_alloc.o(.text)
    __Heap_Broken                            0x0800093b   Thumb Code     6  init_alloc.o(.text)
    _init_alloc                              0x08000941   Thumb Code    94  init_alloc.o(.text)
    malloc                                   0x0800099f   Thumb Code    94  h1_alloc.o(.text)
    _fseek                                   0x080009fd   Thumb Code   242  fseek.o(.text)
    fseek                                    0x080009fd   Thumb Code     0  fseek.o(.text)
    _seterr                                  0x08000af5   Thumb Code    20  stdio.o(.text)
    _writebuf                                0x08000b09   Thumb Code    84  stdio.o(.text)
    _fflush                                  0x08000b5d   Thumb Code    70  stdio.o(.text)
    _deferredlazyseek                        0x08000ba3   Thumb Code    60  stdio.o(.text)
    __sig_exit                               0x08000be5   Thumb Code    10  defsig_exit.o(.text)
    __rt_SIGRTRED_inner                      0x08000bf1   Thumb Code    14  defsig_rtred_inner.o(.text)
    strlen                                   0x08000c25   Thumb Code    62  strlen.o(.text)
    _sys_exit                                0x08000c65   Thumb Code     8  sys_exit.o(.text)
    __Heap_Initialize                        0x08000c71   Thumb Code    10  h1_init.o(.text)
    __Heap_DescSize                          0x08000c7b   Thumb Code     4  h1_init.o(.text)
    __Heap_ProvideMemory                     0x08000c7f   Thumb Code    52  h1_extend.o(.text)
    _ftell_internal                          0x08000cb3   Thumb Code    66  ftell.o(.text)
    ftell                                    0x08000cb3   Thumb Code     0  ftell.o(.text)
    __default_signal_display                 0x08000cf5   Thumb Code    50  defsig_general.o(.text)
    __rt_SIGRTMEM                            0x08000d27   Thumb Code    14  defsig_rtmem_outer.o(.text)
    _ttywrch                                 0x08000d35   Thumb Code    14  sys_wrch.o(.text)
    __aeabi_errno_addr                       0x08000d45   Thumb Code     8  rt_errno_addr_intlibspace.o(.text)
    __errno$intlibspace                      0x08000d45   Thumb Code     0  rt_errno_addr_intlibspace.o(.text)
    __rt_errno_addr$intlibspace              0x08000d45   Thumb Code     0  rt_errno_addr_intlibspace.o(.text)
    __rt_SIGRTMEM_inner                      0x08000d4d   Thumb Code    22  defsig_rtmem_inner.o(.text)
    BusFault_Handler                         0x08000e99   Thumb Code     2  stm32f4xx_it.o(i.BusFault_Handler)
    DataScope_Data_Generate                  0x08000e9d   Thumb Code   124  datascope_dp.o(i.DataScope_Data_Generate)
    DataScope_Get_Channel_Data               0x08000f1d   Thumb Code    82  datascope_dp.o(i.DataScope_Get_Channel_Data)
    DataScope_Send_3axis_Data                0x08000f75   Thumb Code    46  datascope_dp.o(i.DataScope_Send_3axis_Data)
    DebugMon_Handler                         0x08000fa9   Thumb Code     2  stm32f4xx_it.o(i.DebugMon_Handler)
    Error_Handler                            0x08000fab   Thumb Code     4  main.o(i.Error_Handler)
    Float2Byte                               0x08000faf   Thumb Code    20  datascope_dp.o(i.Float2Byte)
    HAL_Delay                                0x08000fc5   Thumb Code    32  stm32f4xx_hal.o(i.HAL_Delay)
    HAL_GPIO_Init                            0x08000fe9   Thumb Code   446  stm32f4xx_hal_gpio.o(i.HAL_GPIO_Init)
    HAL_GPIO_TogglePin                       0x080011c9   Thumb Code    16  stm32f4xx_hal_gpio.o(i.HAL_GPIO_TogglePin)
    HAL_GPIO_WritePin                        0x080011d9   Thumb Code    10  stm32f4xx_hal_gpio.o(i.HAL_GPIO_WritePin)
    HAL_GetTick                              0x080011e5   Thumb Code     6  stm32f4xx_hal.o(i.HAL_GetTick)
    HAL_I2C_Init                             0x080011f1   Thumb Code   376  stm32f4xx_hal_i2c.o(i.HAL_I2C_Init)
    HAL_I2C_Mem_Read                         0x08001379   Thumb Code   490  stm32f4xx_hal_i2c.o(i.HAL_I2C_Mem_Read)
    HAL_I2C_Mem_Write                        0x08001571   Thumb Code   294  stm32f4xx_hal_i2c.o(i.HAL_I2C_Mem_Write)
    HAL_I2C_MspInit                          0x080016a1   Thumb Code    94  i2c.o(i.HAL_I2C_MspInit)
    HAL_IncTick                              0x0800170d   Thumb Code    12  stm32f4xx_hal.o(i.HAL_IncTick)
    HAL_Init                                 0x0800171d   Thumb Code    48  stm32f4xx_hal.o(i.HAL_Init)
    HAL_InitTick                             0x08001751   Thumb Code   118  stm32f4xx_hal_timebase_tim.o(i.HAL_InitTick)
    HAL_MspInit                              0x080017dd   Thumb Code    52  stm32f4xx_hal_msp.o(i.HAL_MspInit)
    HAL_NVIC_EnableIRQ                       0x08001815   Thumb Code    26  stm32f4xx_hal_cortex.o(i.HAL_NVIC_EnableIRQ)
    HAL_NVIC_SetPriority                     0x08001831   Thumb Code    60  stm32f4xx_hal_cortex.o(i.HAL_NVIC_SetPriority)
    HAL_NVIC_SetPriorityGrouping             0x08001871   Thumb Code    26  stm32f4xx_hal_cortex.o(i.HAL_NVIC_SetPriorityGrouping)
    HAL_RCC_ClockConfig                      0x08001895   Thumb Code   288  stm32f4xx_hal_rcc.o(i.HAL_RCC_ClockConfig)
    HAL_RCC_GetClockConfig                   0x080019c9   Thumb Code    54  stm32f4xx_hal_rcc.o(i.HAL_RCC_GetClockConfig)
    HAL_RCC_GetPCLK1Freq                     0x08001a09   Thumb Code    20  stm32f4xx_hal_rcc.o(i.HAL_RCC_GetPCLK1Freq)
    HAL_RCC_GetPCLK2Freq                     0x08001a29   Thumb Code    20  stm32f4xx_hal_rcc.o(i.HAL_RCC_GetPCLK2Freq)
    HAL_RCC_GetSysClockFreq                  0x08001a49   Thumb Code    88  stm32f4xx_hal_rcc.o(i.HAL_RCC_GetSysClockFreq)
    HAL_RCC_OscConfig                        0x08001aa9   Thumb Code   856  stm32f4xx_hal_rcc.o(i.HAL_RCC_OscConfig)
    HAL_TIMEx_BreakCallback                  0x08001e15   Thumb Code     2  stm32f4xx_hal_tim_ex.o(i.HAL_TIMEx_BreakCallback)
    HAL_TIMEx_CommutCallback                 0x08001e17   Thumb Code     2  stm32f4xx_hal_tim_ex.o(i.HAL_TIMEx_CommutCallback)
    HAL_TIM_Base_Init                        0x08001e19   Thumb Code    90  stm32f4xx_hal_tim.o(i.HAL_TIM_Base_Init)
    HAL_TIM_Base_MspInit                     0x08001e73   Thumb Code     2  stm32f4xx_hal_tim.o(i.HAL_TIM_Base_MspInit)
    HAL_TIM_Base_Start_IT                    0x08001e75   Thumb Code    88  stm32f4xx_hal_tim.o(i.HAL_TIM_Base_Start_IT)
    HAL_TIM_IC_CaptureCallback               0x08001ee1   Thumb Code     2  stm32f4xx_hal_tim.o(i.HAL_TIM_IC_CaptureCallback)
    HAL_TIM_IRQHandler                       0x08001ee3   Thumb Code   358  stm32f4xx_hal_tim.o(i.HAL_TIM_IRQHandler)
    HAL_TIM_OC_DelayElapsedCallback          0x08002049   Thumb Code     2  stm32f4xx_hal_tim.o(i.HAL_TIM_OC_DelayElapsedCallback)
    HAL_TIM_PWM_PulseFinishedCallback        0x0800204b   Thumb Code     2  stm32f4xx_hal_tim.o(i.HAL_TIM_PWM_PulseFinishedCallback)
    HAL_TIM_PeriodElapsedCallback            0x0800204d   Thumb Code    14  main.o(i.HAL_TIM_PeriodElapsedCallback)
    HAL_TIM_TriggerCallback                  0x08002061   Thumb Code     2  stm32f4xx_hal_tim.o(i.HAL_TIM_TriggerCallback)
    HAL_UART_Init                            0x08002063   Thumb Code    98  stm32f4xx_hal_uart.o(i.HAL_UART_Init)
    HAL_UART_MspInit                         0x080020c5   Thumb Code    92  usart.o(i.HAL_UART_MspInit)
    HAL_UART_Transmit                        0x0800212d   Thumb Code   178  stm32f4xx_hal_uart.o(i.HAL_UART_Transmit)
    HardFault_Handler                        0x080021df   Thumb Code     2  stm32f4xx_it.o(i.HardFault_Handler)
    LIS2DW12_Init                            0x080026a1   Thumb Code   142  lis2dw12_reg.o(i.LIS2DW12_Init)
    MX_FREERTOS_Init                         0x08002765   Thumb Code    38  freertos.o(i.MX_FREERTOS_Init)
    MX_GPIO_Init                             0x080027c5   Thumb Code   138  gpio.o(i.MX_GPIO_Init)
    MX_I2C1_Init                             0x0800285d   Thumb Code    50  i2c.o(i.MX_I2C1_Init)
    MX_USART2_UART_Init                      0x0800289d   Thumb Code    48  usart.o(i.MX_USART2_UART_Init)
    MemManage_Handler                        0x080028d5   Thumb Code     2  stm32f4xx_it.o(i.MemManage_Handler)
    NMI_Handler                              0x080028d7   Thumb Code     2  stm32f4xx_it.o(i.NMI_Handler)
    SysTick_Handler                          0x080028d9   Thumb Code    38  port.o(i.SysTick_Handler)
    SystemClock_Config                       0x08002905   Thumb Code   136  main.o(i.SystemClock_Config)
    SystemInit                               0x08002995   Thumb Code    12  system_stm32f4xx.o(i.SystemInit)
    TIM1_UP_TIM10_IRQHandler                 0x080029a5   Thumb Code     6  stm32f4xx_it.o(i.TIM1_UP_TIM10_IRQHandler)
    TIM_Base_SetConfig                       0x080029b1   Thumb Code   122  stm32f4xx_hal_tim.o(i.TIM_Base_SetConfig)
    UsageFault_Handler                       0x08002bcd   Thumb Code     2  stm32f4xx_it.o(i.UsageFault_Handler)
    fputc                                    0x08002bf1   Thumb Code    28  usart.o(i.fputc)
    lis2dw12_acceleration_raw_get            0x08002c11   Thumb Code    64  lis2dw12_reg.o(i.lis2dw12_acceleration_raw_get)
    lis2dw12_block_data_update_set           0x08002c51   Thumb Code    46  lis2dw12_reg.o(i.lis2dw12_block_data_update_set)
    lis2dw12_data_rate_set                   0x08002c7f   Thumb Code    92  lis2dw12_reg.o(i.lis2dw12_data_rate_set)
    lis2dw12_device_id_get                   0x08002cdb   Thumb Code    10  lis2dw12_reg.o(i.lis2dw12_device_id_get)
    lis2dw12_filter_bandwidth_set            0x08002ce5   Thumb Code    46  lis2dw12_reg.o(i.lis2dw12_filter_bandwidth_set)
    lis2dw12_filter_path_set                 0x08002d13   Thumb Code    92  lis2dw12_reg.o(i.lis2dw12_filter_path_set)
    lis2dw12_flag_data_ready_get             0x08002d6f   Thumb Code    26  lis2dw12_reg.o(i.lis2dw12_flag_data_ready_get)
    lis2dw12_from_fs2_to_mg                  0x08002d89   Thumb Code    18  lis2dw12_reg.o(i.lis2dw12_from_fs2_to_mg)
    lis2dw12_full_scale_set                  0x08002da1   Thumb Code    46  lis2dw12_reg.o(i.lis2dw12_full_scale_set)
    lis2dw12_power_mode_set                  0x08002dcf   Thumb Code    98  lis2dw12_reg.o(i.lis2dw12_power_mode_set)
    lis2dw12_read_reg                        0x08002e31   Thumb Code    14  lis2dw12_reg.o(i.lis2dw12_read_reg)
    lis2dw12_reset_get                       0x08002e3f   Thumb Code    26  lis2dw12_reg.o(i.lis2dw12_reset_get)
    lis2dw12_reset_set                       0x08002e59   Thumb Code    46  lis2dw12_reg.o(i.lis2dw12_reset_set)
    lis2dw12_write_reg                       0x08002e87   Thumb Code    14  lis2dw12_reg.o(i.lis2dw12_write_reg)
    main                                     0x08002e95   Thumb Code    34  main.o(i.main)
    osDelay                                  0x08002eb7   Thumb Code    14  cmsis_os.o(i.osDelay)
    osKernelStart                            0x08002ec5   Thumb Code    10  cmsis_os.o(i.osKernelStart)
    pvPortMalloc                             0x08003265   Thumb Code   216  heap_4.o(i.pvPortMalloc)
    pxPortInitialiseStack                    0x08003341   Thumb Code    40  port.o(i.pxPortInitialiseStack)
    tx_com                                   0x0800336d   Thumb Code    14  usart.o(i.tx_com)
    uxListRemove                             0x08003381   Thumb Code    38  list.o(i.uxListRemove)
    vApplicationGetIdleTaskMemory            0x080033a9   Thumb Code    16  freertos.o(i.vApplicationGetIdleTaskMemory)
    vListInitialise                          0x080033bd   Thumb Code    22  list.o(i.vListInitialise)
    vListInitialiseItem                      0x080033d3   Thumb Code     6  list.o(i.vListInitialiseItem)
    vListInsert                              0x080033d9   Thumb Code    48  list.o(i.vListInsert)
    vListInsertEnd                           0x08003409   Thumb Code    24  list.o(i.vListInsertEnd)
    vPortEnterCritical                       0x08003421   Thumb Code    54  port.o(i.vPortEnterCritical)
    vPortExitCritical                        0x08003461   Thumb Code    34  port.o(i.vPortExitCritical)
    vPortFree                                0x08003489   Thumb Code    94  heap_4.o(i.vPortFree)
    vPortSetupTimerInterrupt                 0x080034ed   Thumb Code    32  port.o(i.vPortSetupTimerInterrupt)
    vTaskDelay                               0x08003511   Thumb Code    66  tasks.o(i.vTaskDelay)
    vTaskDelete                              0x0800355d   Thumb Code   158  tasks.o(i.vTaskDelete)
    vTaskStartScheduler                      0x08003609   Thumb Code    90  tasks.o(i.vTaskStartScheduler)
    vTaskSuspendAll                          0x08003675   Thumb Code    10  tasks.o(i.vTaskSuspendAll)
    vTaskSwitchContext                       0x08003685   Thumb Code    82  tasks.o(i.vTaskSwitchContext)
    xPortStartScheduler                      0x080036e1   Thumb Code   222  port.o(i.xPortStartScheduler)
    xQueueGenericCreate                      0x080037d5   Thumb Code    66  queue.o(i.xQueueGenericCreate)
    xQueueGenericReset                       0x08003819   Thumb Code   132  queue.o(i.xQueueGenericReset)
    xTaskCreate                              0x080038a1   Thumb Code    90  tasks.o(i.xTaskCreate)
    xTaskCreateStatic                        0x080038fb   Thumb Code    86  tasks.o(i.xTaskCreateStatic)
    xTaskIncrementTick                       0x08003951   Thumb Code   194  tasks.o(i.xTaskIncrementTick)
    xTaskRemoveFromEventList                 0x08003a1d   Thumb Code   108  tasks.o(i.xTaskRemoveFromEventList)
    xTaskResumeAll                           0x08003a91   Thumb Code   182  tasks.o(i.xTaskResumeAll)
    _fp_init                                 0x08003b55   Thumb Code    10  fpinit.o(x$fpl$fpinit)
    __fplib_config_fpu_vfp                   0x08003b5d   Thumb Code     0  fpinit.o(x$fpl$fpinit)
    __fplib_config_pureend_doubles           0x08003b5d   Thumb Code     0  fpinit.o(x$fpl$fpinit)
    AHBPrescTable                            0x08003b5e   Data          16  system_stm32f4xx.o(.constdata)
    APBPrescTable                            0x08003b6e   Data           8  system_stm32f4xx.o(.constdata)
    __stdin_name                             0x08003b76   Data           4  sys_io.o(.constdata)
    __stdout_name                            0x08003b7a   Data           4  sys_io.o(.constdata)
    __stderr_name                            0x08003b7e   Data           4  sys_io.o(.constdata)
    Region$$Table$$Base                      0x08003b84   Number         0  anon$$obj.o(Region$$Table)
    Region$$Table$$Limit                     0x08003ba4   Number         0  anon$$obj.o(Region$$Table)
    data_full_flag                           0x20000000   Data           1  freertos.o(.data)
    Acceleration_Data_Queue_Handle           0x20000010   Data           4  freertos.o(.data)
    Data_Get_BinarySem_Handle                0x20000014   Data           4  freertos.o(.data)
    Data_Save_BinarySem_Handle               0x20000018   Data           4  freertos.o(.data)
    Data_Send_BinarySem_Handle               0x2000001c   Data           4  freertos.o(.data)
    data_raw_acceleration                    0x20000020   Data           6  freertos.o(.data)
    uwTickFreq                               0x20000028   Data           1  stm32f4xx_hal.o(.data)
    uwTickPrio                               0x2000002c   Data           4  stm32f4xx_hal.o(.data)
    uwTick                                   0x20000030   Data           4  stm32f4xx_hal.o(.data)
    SystemCoreClock                          0x20000034   Data           4  system_stm32f4xx.o(.data)
    pxCurrentTCB                             0x20000038   Data           4  tasks.o(.data)
    __aeabi_stdin                            0x200000a4   Data           4  stdio_streams.o(.data)
    __aeabi_stdout                           0x200000a8   Data           4  stdio_streams.o(.data)
    __aeabi_stderr                           0x200000ac   Data           4  stdio_streams.o(.data)
    dev_ctx                                  0x200000b0   Data          16  main.o(.bss)
    data_acceleration_buff_x                 0x200000c0   Data        2048  freertos.o(.bss)
    data_acceleration_buff_y                 0x200008c0   Data        2048  freertos.o(.bss)
    data_acceleration_buff_z                 0x200010c0   Data        2048  freertos.o(.bss)
    hi2c1                                    0x20001b14   Data          84  i2c.o(.bss)
    huart2                                   0x20001b68   Data          68  usart.o(.bss)
    htim1                                    0x20001bac   Data          72  stm32f4xx_hal_timebase_tim.o(.bss)
    DataScope_OutPut_Buffer                  0x200044e4   Data          42  datascope_dp.o(.bss)
    __stdin                                  0x20004510   Data          84  stdio_streams.o(.bss)
    __stdout                                 0x20004564   Data          84  stdio_streams.o(.bss)
    __stderr                                 0x200045b8   Data          84  stdio_streams.o(.bss)
    __libspace_start                         0x2000460c   Data          96  libspace.o(.bss)
    __temporary_stack_top$libspace           0x2000466c   Data           0  libspace.o(.bss)



==============================================================================

Memory Map of the image

  Image Entry point : 0x08000199

  Load Region LR_IROM1 (Base: 0x08000000, Size: 0x00003c54, Max: 0x00080000, ABSOLUTE)

    Execution Region ER_IROM1 (Exec base: 0x08000000, Load base: 0x08000000, Size: 0x00003ba4, Max: 0x00080000, ABSOLUTE)

    Exec Addr    Load Addr    Size         Type   Attr      Idx    E Section Name        Object

    0x08000000   0x08000000   0x00000198   Data   RO            3    RESET               startup_stm32f411xe.o
    0x08000198   0x08000198   0x00000008   Code   RO         5795  * !!!main             c_w.l(__main.o)
    0x080001a0   0x080001a0   0x00000034   Code   RO         6127    !!!scatter          c_w.l(__scatter.o)
    0x080001d4   0x080001d4   0x0000001a   Code   RO         6129    !!handler_copy      c_w.l(__scatter_copy.o)
    0x080001ee   0x080001ee   0x00000002   PAD
    0x080001f0   0x080001f0   0x0000001c   Code   RO         6131    !!handler_zi        c_w.l(__scatter_zi.o)
    0x0800020c   0x0800020c   0x00000002   Code   RO         5934    .ARM.Collect$$libinit$$00000000  c_w.l(libinit.o)
    0x0800020e   0x0800020e   0x00000004   Code   RO         5935    .ARM.Collect$$libinit$$00000001  c_w.l(libinit2.o)
    0x08000212   0x08000212   0x00000000   Code   RO         5938    .ARM.Collect$$libinit$$00000004  c_w.l(libinit2.o)
    0x08000212   0x08000212   0x00000008   Code   RO         5939    .ARM.Collect$$libinit$$00000005  c_w.l(libinit2.o)
    0x0800021a   0x0800021a   0x00000000   Code   RO         5941    .ARM.Collect$$libinit$$0000000A  c_w.l(libinit2.o)
    0x0800021a   0x0800021a   0x00000000   Code   RO         5943    .ARM.Collect$$libinit$$0000000C  c_w.l(libinit2.o)
    0x0800021a   0x0800021a   0x00000000   Code   RO         5945    .ARM.Collect$$libinit$$0000000E  c_w.l(libinit2.o)
    0x0800021a   0x0800021a   0x00000000   Code   RO         5948    .ARM.Collect$$libinit$$00000011  c_w.l(libinit2.o)
    0x0800021a   0x0800021a   0x00000000   Code   RO         5950    .ARM.Collect$$libinit$$00000013  c_w.l(libinit2.o)
    0x0800021a   0x0800021a   0x00000000   Code   RO         5952    .ARM.Collect$$libinit$$00000015  c_w.l(libinit2.o)
    0x0800021a   0x0800021a   0x00000000   Code   RO         5954    .ARM.Collect$$libinit$$00000017  c_w.l(libinit2.o)
    0x0800021a   0x0800021a   0x00000000   Code   RO         5956    .ARM.Collect$$libinit$$00000019  c_w.l(libinit2.o)
    0x0800021a   0x0800021a   0x00000000   Code   RO         5958    .ARM.Collect$$libinit$$0000001B  c_w.l(libinit2.o)
    0x0800021a   0x0800021a   0x00000000   Code   RO         5960    .ARM.Collect$$libinit$$0000001D  c_w.l(libinit2.o)
    0x0800021a   0x0800021a   0x00000000   Code   RO         5962    .ARM.Collect$$libinit$$0000001F  c_w.l(libinit2.o)
    0x0800021a   0x0800021a   0x00000000   Code   RO         5964    .ARM.Collect$$libinit$$00000021  c_w.l(libinit2.o)
    0x0800021a   0x0800021a   0x00000000   Code   RO         5966    .ARM.Collect$$libinit$$00000023  c_w.l(libinit2.o)
    0x0800021a   0x0800021a   0x00000004   Code   RO         5967    .ARM.Collect$$libinit$$00000024  c_w.l(libinit2.o)
    0x0800021e   0x0800021e   0x00000000   Code   RO         5968    .ARM.Collect$$libinit$$00000025  c_w.l(libinit2.o)
    0x0800021e   0x0800021e   0x00000000   Code   RO         5972    .ARM.Collect$$libinit$$0000002C  c_w.l(libinit2.o)
    0x0800021e   0x0800021e   0x00000000   Code   RO         5974    .ARM.Collect$$libinit$$0000002E  c_w.l(libinit2.o)
    0x0800021e   0x0800021e   0x00000000   Code   RO         5976    .ARM.Collect$$libinit$$00000030  c_w.l(libinit2.o)
    0x0800021e   0x0800021e   0x00000000   Code   RO         5978    .ARM.Collect$$libinit$$00000032  c_w.l(libinit2.o)
    0x0800021e   0x0800021e   0x00000002   Code   RO         5979    .ARM.Collect$$libinit$$00000033  c_w.l(libinit2.o)
    0x08000220   0x08000220   0x00000002   Code   RO         6108    .ARM.Collect$$libshutdown$$00000000  c_w.l(libshutdown.o)
    0x08000222   0x08000222   0x00000000   Code   RO         5981    .ARM.Collect$$libshutdown$$00000002  c_w.l(libshutdown2.o)
    0x08000222   0x08000222   0x00000000   Code   RO         5983    .ARM.Collect$$libshutdown$$00000004  c_w.l(libshutdown2.o)
    0x08000222   0x08000222   0x00000004   Code   RO         5984    .ARM.Collect$$libshutdown$$00000005  c_w.l(libshutdown2.o)
    0x08000226   0x08000226   0x00000000   Code   RO         5985    .ARM.Collect$$libshutdown$$00000006  c_w.l(libshutdown2.o)
    0x08000226   0x08000226   0x00000000   Code   RO         5988    .ARM.Collect$$libshutdown$$00000009  c_w.l(libshutdown2.o)
    0x08000226   0x08000226   0x00000000   Code   RO         5991    .ARM.Collect$$libshutdown$$0000000C  c_w.l(libshutdown2.o)
    0x08000226   0x08000226   0x00000000   Code   RO         5993    .ARM.Collect$$libshutdown$$0000000E  c_w.l(libshutdown2.o)
    0x08000226   0x08000226   0x00000000   Code   RO         5996    .ARM.Collect$$libshutdown$$00000011  c_w.l(libshutdown2.o)
    0x08000226   0x08000226   0x00000002   Code   RO         5997    .ARM.Collect$$libshutdown$$00000012  c_w.l(libshutdown2.o)
    0x08000228   0x08000228   0x00000000   Code   RO         5797    .ARM.Collect$$rtentry$$00000000  c_w.l(__rtentry.o)
    0x08000228   0x08000228   0x00000000   Code   RO         5815    .ARM.Collect$$rtentry$$00000002  c_w.l(__rtentry2.o)
    0x08000228   0x08000228   0x00000006   Code   RO         5827    .ARM.Collect$$rtentry$$00000004  c_w.l(__rtentry4.o)
    0x0800022e   0x0800022e   0x00000000   Code   RO         5817    .ARM.Collect$$rtentry$$00000009  c_w.l(__rtentry2.o)
    0x0800022e   0x0800022e   0x00000004   Code   RO         5818    .ARM.Collect$$rtentry$$0000000A  c_w.l(__rtentry2.o)
    0x08000232   0x08000232   0x00000000   Code   RO         5820    .ARM.Collect$$rtentry$$0000000C  c_w.l(__rtentry2.o)
    0x08000232   0x08000232   0x00000008   Code   RO         5821    .ARM.Collect$$rtentry$$0000000D  c_w.l(__rtentry2.o)
    0x0800023a   0x0800023a   0x00000002   Code   RO         6004    .ARM.Collect$$rtexit$$00000000  c_w.l(rtexit.o)
    0x0800023c   0x0800023c   0x00000000   Code   RO         6054    .ARM.Collect$$rtexit$$00000002  c_w.l(rtexit2.o)
    0x0800023c   0x0800023c   0x00000004   Code   RO         6055    .ARM.Collect$$rtexit$$00000003  c_w.l(rtexit2.o)
    0x08000240   0x08000240   0x00000006   Code   RO         6056    .ARM.Collect$$rtexit$$00000004  c_w.l(rtexit2.o)
    0x08000246   0x08000246   0x00000002   PAD
    0x08000248   0x08000248   0x000000be   Code   RO         4905    .emb_text           port.o
    0x08000306   0x08000306   0x00000002   PAD
    0x08000308   0x08000308   0x00000000   Code   RO         6060    .emb_text           c_w.l(maybetermalloc1.o)
    0x08000308   0x08000308   0x00000040   Code   RO            4    .text               startup_stm32f411xe.o
    0x08000348   0x08000348   0x000000ee   Code   RO         5781    .text               c_w.l(lludivv7m.o)
    0x08000436   0x08000436   0x00000002   PAD
    0x08000438   0x08000438   0x00000018   Code   RO         5785    .text               c_w.l(noretval__2printf.o)
    0x08000450   0x08000450   0x0000004e   Code   RO         5791    .text               c_w.l(rt_memclr_w.o)
    0x0800049e   0x0800049e   0x00000006   Code   RO         5793    .text               c_w.l(heapauxi.o)
    0x080004a4   0x080004a4   0x00000024   Code   RO         5802    .text               c_w.l(_printf_char_file.o)
    0x080004c8   0x080004c8   0x00000030   Code   RO         5831    .text               c_w.l(_printf_char_common.o)
    0x080004f8   0x080004f8   0x00000008   Code   RO         5833    .text               c_w.l(ferror.o)
    0x08000500   0x08000500   0x00000138   Code   RO         5835    .text               c_w.l(initio.o)
    0x08000638   0x08000638   0x00000066   Code   RO         5841    .text               c_w.l(sys_io.o)
    0x0800069e   0x0800069e   0x0000004a   Code   RO         5848    .text               c_w.l(sys_stackheap_outer.o)
    0x080006e8   0x080006e8   0x0000004e   Code   RO         5852    .text               c_w.l(h1_free.o)
    0x08000736   0x08000736   0x00000028   Code   RO         5906    .text               c_w.l(__printf_nopercent.o)
    0x0800075e   0x0800075e   0x00000046   Code   RO         5908    .text               c_w.l(setvbuf.o)
    0x080007a4   0x080007a4   0x000000ec   Code   RO         5911    .text               c_w.l(fopen.o)
    0x08000890   0x08000890   0x0000004c   Code   RO         5913    .text               c_w.l(fclose.o)
    0x080008dc   0x080008dc   0x00000012   Code   RO         5919    .text               c_w.l(exit.o)
    0x080008ee   0x080008ee   0x0000000e   Code   RO         5925    .text               c_w.l(defsig_rtred_outer.o)
    0x080008fc   0x080008fc   0x00000008   Code   RO         5998    .text               c_w.l(libspace.o)
    0x08000904   0x08000904   0x00000002   Code   RO         6001    .text               c_w.l(use_no_semi.o)
    0x08000906   0x08000906   0x00000000   Code   RO         6003    .text               c_w.l(indicate_semi.o)
    0x08000906   0x08000906   0x00000002   PAD
    0x08000908   0x08000908   0x00000008   Code   RO         6011    .text               c_w.l(rt_heap_descriptor_intlibspace.o)
    0x08000910   0x08000910   0x00000004   Code   RO         6013    .text               c_w.l(hguard.o)
    0x08000914   0x08000914   0x0000008a   Code   RO         6015    .text               c_w.l(init_alloc.o)
    0x0800099e   0x0800099e   0x0000005e   Code   RO         6021    .text               c_w.l(h1_alloc.o)
    0x080009fc   0x080009fc   0x000000f8   Code   RO         6035    .text               c_w.l(fseek.o)
    0x08000af4   0x08000af4   0x000000f0   Code   RO         6037    .text               c_w.l(stdio.o)
    0x08000be4   0x08000be4   0x0000000a   Code   RO         6039    .text               c_w.l(defsig_exit.o)
    0x08000bee   0x08000bee   0x00000002   PAD
    0x08000bf0   0x08000bf0   0x00000034   Code   RO         6043    .text               c_w.l(defsig_rtred_inner.o)
    0x08000c24   0x08000c24   0x0000003e   Code   RO         6045    .text               c_w.l(strlen.o)
    0x08000c62   0x08000c62   0x00000002   PAD
    0x08000c64   0x08000c64   0x0000000c   Code   RO         6051    .text               c_w.l(sys_exit.o)
    0x08000c70   0x08000c70   0x0000000e   Code   RO         6062    .text               c_w.l(h1_init.o)
    0x08000c7e   0x08000c7e   0x00000034   Code   RO         6064    .text               c_w.l(h1_extend.o)
    0x08000cb2   0x08000cb2   0x00000042   Code   RO         6070    .text               c_w.l(ftell.o)
    0x08000cf4   0x08000cf4   0x00000032   Code   RO         6074    .text               c_w.l(defsig_general.o)
    0x08000d26   0x08000d26   0x0000000e   Code   RO         6076    .text               c_w.l(defsig_rtmem_outer.o)
    0x08000d34   0x08000d34   0x0000000e   Code   RO         6089    .text               c_w.l(sys_wrch.o)
    0x08000d42   0x08000d42   0x00000002   PAD
    0x08000d44   0x08000d44   0x00000008   Code   RO         6096    .text               c_w.l(rt_errno_addr_intlibspace.o)
    0x08000d4c   0x08000d4c   0x00000050   Code   RO         6102    .text               c_w.l(defsig_rtmem_inner.o)
    0x08000d9c   0x08000d9c   0x000000fc   Code   RO          348    i.AppTaskCreate     freertos.o
    0x08000e98   0x08000e98   0x00000002   Code   RO          521    i.BusFault_Handler  stm32f4xx_it.o
    0x08000e9a   0x08000e9a   0x00000002   PAD
    0x08000e9c   0x08000e9c   0x00000080   Code   RO         5730    i.DataScope_Data_Generate  datascope_dp.o
    0x08000f1c   0x08000f1c   0x00000058   Code   RO         5731    i.DataScope_Get_Channel_Data  datascope_dp.o
    0x08000f74   0x08000f74   0x00000034   Code   RO         5732    i.DataScope_Send_3axis_Data  datascope_dp.o
    0x08000fa8   0x08000fa8   0x00000002   Code   RO          522    i.DebugMon_Handler  stm32f4xx_it.o
    0x08000faa   0x08000faa   0x00000004   Code   RO           13    i.Error_Handler     main.o
    0x08000fae   0x08000fae   0x00000014   Code   RO         5733    i.Float2Byte        datascope_dp.o
    0x08000fc2   0x08000fc2   0x00000002   PAD
    0x08000fc4   0x08000fc4   0x00000024   Code   RO         1607    i.HAL_Delay         stm32f4xx_hal.o
    0x08000fe8   0x08000fe8   0x000001e0   Code   RO         1057    i.HAL_GPIO_Init     stm32f4xx_hal_gpio.o
    0x080011c8   0x080011c8   0x00000010   Code   RO         1060    i.HAL_GPIO_TogglePin  stm32f4xx_hal_gpio.o
    0x080011d8   0x080011d8   0x0000000a   Code   RO         1061    i.HAL_GPIO_WritePin  stm32f4xx_hal_gpio.o
    0x080011e2   0x080011e2   0x00000002   PAD
    0x080011e4   0x080011e4   0x0000000c   Code   RO         1613    i.HAL_GetTick       stm32f4xx_hal.o
    0x080011f0   0x080011f0   0x00000188   Code   RO         1869    i.HAL_I2C_Init      stm32f4xx_hal_i2c.o
    0x08001378   0x08001378   0x000001f8   Code   RO         1887    i.HAL_I2C_Mem_Read  stm32f4xx_hal_i2c.o
    0x08001570   0x08001570   0x00000130   Code   RO         1890    i.HAL_I2C_Mem_Write  stm32f4xx_hal_i2c.o
    0x080016a0   0x080016a0   0x0000006c   Code   RO          426    i.HAL_I2C_MspInit   i2c.o
    0x0800170c   0x0800170c   0x00000010   Code   RO         1619    i.HAL_IncTick       stm32f4xx_hal.o
    0x0800171c   0x0800171c   0x00000034   Code   RO         1620    i.HAL_Init          stm32f4xx_hal.o
    0x08001750   0x08001750   0x0000008c   Code   RO          609    i.HAL_InitTick      stm32f4xx_hal_timebase_tim.o
    0x080017dc   0x080017dc   0x00000038   Code   RO          585    i.HAL_MspInit       stm32f4xx_hal_msp.o
    0x08001814   0x08001814   0x0000001a   Code   RO         1470    i.HAL_NVIC_EnableIRQ  stm32f4xx_hal_cortex.o
    0x0800182e   0x0800182e   0x00000002   PAD
    0x08001830   0x08001830   0x00000040   Code   RO         1476    i.HAL_NVIC_SetPriority  stm32f4xx_hal_cortex.o
    0x08001870   0x08001870   0x00000024   Code   RO         1477    i.HAL_NVIC_SetPriorityGrouping  stm32f4xx_hal_cortex.o
    0x08001894   0x08001894   0x00000134   Code   RO          649    i.HAL_RCC_ClockConfig  stm32f4xx_hal_rcc.o
    0x080019c8   0x080019c8   0x00000040   Code   RO          653    i.HAL_RCC_GetClockConfig  stm32f4xx_hal_rcc.o
    0x08001a08   0x08001a08   0x00000020   Code   RO          656    i.HAL_RCC_GetPCLK1Freq  stm32f4xx_hal_rcc.o
    0x08001a28   0x08001a28   0x00000020   Code   RO          657    i.HAL_RCC_GetPCLK2Freq  stm32f4xx_hal_rcc.o
    0x08001a48   0x08001a48   0x00000060   Code   RO          658    i.HAL_RCC_GetSysClockFreq  stm32f4xx_hal_rcc.o
    0x08001aa8   0x08001aa8   0x0000036c   Code   RO          661    i.HAL_RCC_OscConfig  stm32f4xx_hal_rcc.o
    0x08001e14   0x08001e14   0x00000002   Code   RO         3026    i.HAL_TIMEx_BreakCallback  stm32f4xx_hal_tim_ex.o
    0x08001e16   0x08001e16   0x00000002   Code   RO         3027    i.HAL_TIMEx_CommutCallback  stm32f4xx_hal_tim_ex.o
    0x08001e18   0x08001e18   0x0000005a   Code   RO         2322    i.HAL_TIM_Base_Init  stm32f4xx_hal_tim.o
    0x08001e72   0x08001e72   0x00000002   Code   RO         2324    i.HAL_TIM_Base_MspInit  stm32f4xx_hal_tim.o
    0x08001e74   0x08001e74   0x0000006c   Code   RO         2327    i.HAL_TIM_Base_Start_IT  stm32f4xx_hal_tim.o
    0x08001ee0   0x08001ee0   0x00000002   Code   RO         2356    i.HAL_TIM_IC_CaptureCallback  stm32f4xx_hal_tim.o
    0x08001ee2   0x08001ee2   0x00000166   Code   RO         2370    i.HAL_TIM_IRQHandler  stm32f4xx_hal_tim.o
    0x08002048   0x08002048   0x00000002   Code   RO         2373    i.HAL_TIM_OC_DelayElapsedCallback  stm32f4xx_hal_tim.o
    0x0800204a   0x0800204a   0x00000002   Code   RO         2400    i.HAL_TIM_PWM_PulseFinishedCallback  stm32f4xx_hal_tim.o
    0x0800204c   0x0800204c   0x00000014   Code   RO           14    i.HAL_TIM_PeriodElapsedCallback  main.o
    0x08002060   0x08002060   0x00000002   Code   RO         2413    i.HAL_TIM_TriggerCallback  stm32f4xx_hal_tim.o
    0x08002062   0x08002062   0x00000062   Code   RO         3322    i.HAL_UART_Init     stm32f4xx_hal_uart.o
    0x080020c4   0x080020c4   0x00000068   Code   RO          468    i.HAL_UART_MspInit  usart.o
    0x0800212c   0x0800212c   0x000000b2   Code   RO         3330    i.HAL_UART_Transmit  stm32f4xx_hal_uart.o
    0x080021de   0x080021de   0x00000002   Code   RO          523    i.HardFault_Handler  stm32f4xx_it.o
    0x080021e0   0x080021e0   0x0000002e   Code   RO         1911    i.I2C_IsAcknowledgeFailed  stm32f4xx_hal_i2c.o
    0x0800220e   0x0800220e   0x00000002   PAD
    0x08002210   0x08002210   0x000000fc   Code   RO         1921    i.I2C_RequestMemoryRead  stm32f4xx_hal_i2c.o
    0x0800230c   0x0800230c   0x000000a8   Code   RO         1922    i.I2C_RequestMemoryWrite  stm32f4xx_hal_i2c.o
    0x080023b4   0x080023b4   0x0000004c   Code   RO         1926    i.I2C_WaitOnBTFFlagUntilTimeout  stm32f4xx_hal_i2c.o
    0x08002400   0x08002400   0x00000068   Code   RO         1927    i.I2C_WaitOnFlagUntilTimeout  stm32f4xx_hal_i2c.o
    0x08002468   0x08002468   0x00000096   Code   RO         1928    i.I2C_WaitOnMasterAddressFlagUntilTimeout  stm32f4xx_hal_i2c.o
    0x080024fe   0x080024fe   0x00000066   Code   RO         1929    i.I2C_WaitOnRXNEFlagUntilTimeout  stm32f4xx_hal_i2c.o
    0x08002564   0x08002564   0x0000004c   Code   RO         1930    i.I2C_WaitOnTXEFlagUntilTimeout  stm32f4xx_hal_i2c.o
    0x080025b0   0x080025b0   0x00000094   Code   RO          349    i.LIS2DW12_Data_Get_Task  freertos.o
    0x08002644   0x08002644   0x0000005c   Code   RO          350    i.LIS2DW12_Data_Send_Task  freertos.o
    0x080026a0   0x080026a0   0x000000c4   Code   RO         4985    i.LIS2DW12_Init     lis2dw12_reg.o
    0x08002764   0x08002764   0x00000060   Code   RO          351    i.MX_FREERTOS_Init  freertos.o
    0x080027c4   0x080027c4   0x00000098   Code   RO          225    i.MX_GPIO_Init      gpio.o
    0x0800285c   0x0800285c   0x00000040   Code   RO          427    i.MX_I2C1_Init      i2c.o
    0x0800289c   0x0800289c   0x00000038   Code   RO          469    i.MX_USART2_UART_Init  usart.o
    0x080028d4   0x080028d4   0x00000002   Code   RO          524    i.MemManage_Handler  stm32f4xx_it.o
    0x080028d6   0x080028d6   0x00000002   Code   RO          525    i.NMI_Handler       stm32f4xx_it.o
    0x080028d8   0x080028d8   0x0000002c   Code   RO         4906    i.SysTick_Handler   port.o
    0x08002904   0x08002904   0x00000090   Code   RO           15    i.SystemClock_Config  main.o
    0x08002994   0x08002994   0x00000010   Code   RO         3651    i.SystemInit        system_stm32f4xx.o
    0x080029a4   0x080029a4   0x0000000c   Code   RO          526    i.TIM1_UP_TIM10_IRQHandler  stm32f4xx_it.o
    0x080029b0   0x080029b0   0x00000098   Code   RO         2415    i.TIM_Base_SetConfig  stm32f4xx_hal_tim.o
    0x08002a48   0x08002a48   0x0000010c   Code   RO         3348    i.UART_SetConfig    stm32f4xx_hal_uart.o
    0x08002b54   0x08002b54   0x00000078   Code   RO         3351    i.UART_WaitOnFlagUntilTimeout  stm32f4xx_hal_uart.o
    0x08002bcc   0x08002bcc   0x00000002   Code   RO          527    i.UsageFault_Handler  stm32f4xx_it.o
    0x08002bce   0x08002bce   0x00000020   Code   RO         1483    i.__NVIC_SetPriority  stm32f4xx_hal_cortex.o
    0x08002bee   0x08002bee   0x00000002   PAD
    0x08002bf0   0x08002bf0   0x00000020   Code   RO          470    i.fputc             usart.o
    0x08002c10   0x08002c10   0x00000040   Code   RO         4993    i.lis2dw12_acceleration_raw_get  lis2dw12_reg.o
    0x08002c50   0x08002c50   0x0000002e   Code   RO         5004    i.lis2dw12_block_data_update_set  lis2dw12_reg.o
    0x08002c7e   0x08002c7e   0x0000005c   Code   RO         5010    i.lis2dw12_data_rate_set  lis2dw12_reg.o
    0x08002cda   0x08002cda   0x0000000a   Code   RO         5013    i.lis2dw12_device_id_get  lis2dw12_reg.o
    0x08002ce4   0x08002ce4   0x0000002e   Code   RO         5026    i.lis2dw12_filter_bandwidth_set  lis2dw12_reg.o
    0x08002d12   0x08002d12   0x0000005c   Code   RO         5028    i.lis2dw12_filter_path_set  lis2dw12_reg.o
    0x08002d6e   0x08002d6e   0x0000001a   Code   RO         5029    i.lis2dw12_flag_data_ready_get  lis2dw12_reg.o
    0x08002d88   0x08002d88   0x00000018   Code   RO         5033    i.lis2dw12_from_fs2_to_mg  lis2dw12_reg.o
    0x08002da0   0x08002da0   0x0000002e   Code   RO         5040    i.lis2dw12_full_scale_set  lis2dw12_reg.o
    0x08002dce   0x08002dce   0x00000062   Code   RO         5056    i.lis2dw12_power_mode_set  lis2dw12_reg.o
    0x08002e30   0x08002e30   0x0000000e   Code   RO         5057    i.lis2dw12_read_reg  lis2dw12_reg.o
    0x08002e3e   0x08002e3e   0x0000001a   Code   RO         5060    i.lis2dw12_reset_get  lis2dw12_reg.o
    0x08002e58   0x08002e58   0x0000002e   Code   RO         5061    i.lis2dw12_reset_set  lis2dw12_reg.o
    0x08002e86   0x08002e86   0x0000000e   Code   RO         5103    i.lis2dw12_write_reg  lis2dw12_reg.o
    0x08002e94   0x08002e94   0x00000022   Code   RO           16    i.main              main.o
    0x08002eb6   0x08002eb6   0x0000000e   Code   RO         4473    i.osDelay           cmsis_os.o
    0x08002ec4   0x08002ec4   0x0000000a   Code   RO         4476    i.osKernelStart     cmsis_os.o
    0x08002ece   0x08002ece   0x00000018   Code   RO         5104    i.platform_read     lis2dw12_reg.o
    0x08002ee6   0x08002ee6   0x00000018   Code   RO         5105    i.platform_write    lis2dw12_reg.o
    0x08002efe   0x08002efe   0x00000002   PAD
    0x08002f00   0x08002f00   0x00000070   Code   RO         4153    i.prvAddCurrentTaskToDelayedList  tasks.o
    0x08002f70   0x08002f70   0x000000d0   Code   RO         4154    i.prvAddNewTaskToReadyList  tasks.o
    0x08003040   0x08003040   0x00000034   Code   RO         4155    i.prvDeleteTCB      tasks.o
    0x08003074   0x08003074   0x0000004c   Code   RO         4838    i.prvHeapInit       heap_4.o
    0x080030c0   0x080030c0   0x00000060   Code   RO         4156    i.prvIdleTask       tasks.o
    0x08003120   0x08003120   0x00000016   Code   RO         3832    i.prvInitialiseNewQueue  queue.o
    0x08003136   0x08003136   0x00000098   Code   RO         4157    i.prvInitialiseNewTask  tasks.o
    0x080031ce   0x080031ce   0x00000002   PAD
    0x080031d0   0x080031d0   0x0000004c   Code   RO         4839    i.prvInsertBlockIntoFreeList  heap_4.o
    0x0800321c   0x0800321c   0x00000020   Code   RO         4158    i.prvResetNextTaskUnblockTime  tasks.o
    0x0800323c   0x0800323c   0x00000028   Code   RO         4907    i.prvTaskExitError  port.o
    0x08003264   0x08003264   0x000000dc   Code   RO         4840    i.pvPortMalloc      heap_4.o
    0x08003340   0x08003340   0x0000002c   Code   RO         4908    i.pxPortInitialiseStack  port.o
    0x0800336c   0x0800336c   0x00000014   Code   RO          471    i.tx_com            usart.o
    0x08003380   0x08003380   0x00000026   Code   RO         3789    i.uxListRemove      list.o
    0x080033a6   0x080033a6   0x00000002   PAD
    0x080033a8   0x080033a8   0x00000014   Code   RO          353    i.vApplicationGetIdleTaskMemory  freertos.o
    0x080033bc   0x080033bc   0x00000016   Code   RO         3790    i.vListInitialise   list.o
    0x080033d2   0x080033d2   0x00000006   Code   RO         3791    i.vListInitialiseItem  list.o
    0x080033d8   0x080033d8   0x00000030   Code   RO         3792    i.vListInsert       list.o
    0x08003408   0x08003408   0x00000018   Code   RO         3793    i.vListInsertEnd    list.o
    0x08003420   0x08003420   0x00000040   Code   RO         4910    i.vPortEnterCritical  port.o
    0x08003460   0x08003460   0x00000028   Code   RO         4911    i.vPortExitCritical  port.o
    0x08003488   0x08003488   0x00000064   Code   RO         4841    i.vPortFree         heap_4.o
    0x080034ec   0x080034ec   0x00000024   Code   RO         4912    i.vPortSetupTimerInterrupt  port.o
    0x08003510   0x08003510   0x0000004c   Code   RO         4167    i.vTaskDelay        tasks.o
    0x0800355c   0x0800355c   0x000000ac   Code   RO         4168    i.vTaskDelete       tasks.o
    0x08003608   0x08003608   0x0000006c   Code   RO         4180    i.vTaskStartScheduler  tasks.o
    0x08003674   0x08003674   0x00000010   Code   RO         4182    i.vTaskSuspendAll   tasks.o
    0x08003684   0x08003684   0x0000005c   Code   RO         4183    i.vTaskSwitchContext  tasks.o
    0x080036e0   0x080036e0   0x000000f4   Code   RO         4914    i.xPortStartScheduler  port.o
    0x080037d4   0x080037d4   0x00000042   Code   RO         3843    i.xQueueGenericCreate  queue.o
    0x08003816   0x08003816   0x00000002   PAD
    0x08003818   0x08003818   0x00000088   Code   RO         3845    i.xQueueGenericReset  queue.o
    0x080038a0   0x080038a0   0x0000005a   Code   RO         4186    i.xTaskCreate       tasks.o
    0x080038fa   0x080038fa   0x00000056   Code   RO         4187    i.xTaskCreateStatic  tasks.o
    0x08003950   0x08003950   0x000000cc   Code   RO         4194    i.xTaskIncrementTick  tasks.o
    0x08003a1c   0x08003a1c   0x00000074   Code   RO         4199    i.xTaskRemoveFromEventList  tasks.o
    0x08003a90   0x08003a90   0x000000c4   Code   RO         4200    i.xTaskResumeAll    tasks.o
    0x08003b54   0x08003b54   0x0000000a   Code   RO         6049    x$fpl$fpinit        fz_wm.l(fpinit.o)
    0x08003b5e   0x08003b5e   0x00000010   Data   RO         3652    .constdata          system_stm32f4xx.o
    0x08003b6e   0x08003b6e   0x00000008   Data   RO         3653    .constdata          system_stm32f4xx.o
    0x08003b76   0x08003b76   0x00000004   Data   RO         5842    .constdata          c_w.l(sys_io.o)
    0x08003b7a   0x08003b7a   0x00000004   Data   RO         5843    .constdata          c_w.l(sys_io.o)
    0x08003b7e   0x08003b7e   0x00000004   Data   RO         5844    .constdata          c_w.l(sys_io.o)
    0x08003b82   0x08003b82   0x00000002   PAD
    0x08003b84   0x08003b84   0x00000020   Data   RO         6125    Region$$Table       anon$$obj.o


    Execution Region RW_IRAM1 (Exec base: 0x20000000, Load base: 0x08003ba4, Size: 0x00004c70, Max: 0x00020000, ABSOLUTE)

    Exec Addr    Load Addr    Size         Type   Attr      Idx    E Section Name        Object

    0x20000000   0x08003ba4   0x00000026   Data   RW          357    .data               freertos.o
    0x20000026   0x08003bca   0x00000002   PAD
    0x20000028   0x08003bcc   0x0000000c   Data   RW         1627    .data               stm32f4xx_hal.o
    0x20000034   0x08003bd8   0x00000004   Data   RW         3654    .data               system_stm32f4xx.o
    0x20000038   0x08003bdc   0x0000003c   Data   RW         4203    .data               tasks.o
    0x20000074   0x08003c18   0x00000020   Data   RW         4847    .data               heap_4.o
    0x20000094   0x08003c38   0x0000000c   Data   RW         4915    .data               port.o
    0x200000a0   0x08003c44   0x00000002   Data   RW         5106    .data               lis2dw12_reg.o
    0x200000a2   0x08003c46   0x00000002   PAD
    0x200000a4   0x08003c48   0x00000004   Data   RW         5807    .data               c_w.l(stdio_streams.o)
    0x200000a8   0x08003c4c   0x00000004   Data   RW         5808    .data               c_w.l(stdio_streams.o)
    0x200000ac   0x08003c50   0x00000004   Data   RW         5809    .data               c_w.l(stdio_streams.o)
    0x200000b0        -       0x00000010   Zero   RW           17    .bss                main.o
    0x200000c0        -       0x00001a54   Zero   RW          356    .bss                freertos.o
    0x20001b14        -       0x00000054   Zero   RW          428    .bss                i2c.o
    0x20001b68        -       0x00000044   Zero   RW          472    .bss                usart.o
    0x20001bac        -       0x00000048   Zero   RW          612    .bss                stm32f4xx_hal_timebase_tim.o
    0x20001bf4        -       0x000000f0   Zero   RW         4202    .bss                tasks.o
    0x20001ce4        -       0x00002800   Zero   RW         4846    .bss                heap_4.o
    0x200044e4        -       0x0000002a   Zero   RW         5734    .bss                datascope_dp.o
    0x2000450e   0x08003c54   0x00000002   PAD
    0x20004510        -       0x00000054   Zero   RW         5804    .bss                c_w.l(stdio_streams.o)
    0x20004564        -       0x00000054   Zero   RW         5805    .bss                c_w.l(stdio_streams.o)
    0x200045b8        -       0x00000054   Zero   RW         5806    .bss                c_w.l(stdio_streams.o)
    0x2000460c        -       0x00000060   Zero   RW         5999    .bss                c_w.l(libspace.o)
    0x2000466c   0x08003c54   0x00000004   PAD
    0x20004670        -       0x00000200   Zero   RW            2    HEAP                startup_stm32f411xe.o
    0x20004870        -       0x00000400   Zero   RW            1    STACK               startup_stm32f411xe.o


==============================================================================

Image component sizes


      Code (inc. data)   RO Data    RW Data    ZI Data      Debug   Object Name

        24          0          0          0          0      21916   cmsis_os.o
       288         40          0          0         42       3546   datascope_dp.o
         0          0          0          0          0      20016   event_groups.o
       608        208          0         38       6740       4764   freertos.o
       152         14          0          0          0     423703   gpio.o
       472         24          0         32      10240       7463   heap_4.o
       172         28          0          0         84       1705   i2c.o
       888         60          0          2          0      21186   lis2dw12_reg.o
       138          0          0          0          0       3582   list.o
       202         14          0          0         16     452337   main.o
       702         72          0         12          0      11064   port.o
       224          4          0          0          0       7503   queue.o
        64         26        408          0       1536        852   startup_stm32f411xe.o
       116         18          0         12          0       8626   stm32f4xx_hal.o
       158         14          0          0          0      33186   stm32f4xx_hal_cortex.o
       506         34          0          0          0       2845   stm32f4xx_hal_gpio.o
      2174         52          0          0          0      13034   stm32f4xx_hal_i2c.o
        56          4          0          0          0        882   stm32f4xx_hal_msp.o
      1408         82          0          0          0       5945   stm32f4xx_hal_rcc.o
       718         50          0          0          0       7392   stm32f4xx_hal_tim.o
         4          0          0          0          0       1621   stm32f4xx_hal_tim_ex.o
       140         22          0          0         72       1439   stm32f4xx_hal_timebase_tim.o
       664         10          0          0          0       4236   stm32f4xx_hal_uart.o
        24          6          0          0          0       3312   stm32f4xx_it.o
         0          0          0          0          0        392   stream_buffer.o
        16          4         24          4          0       1151   system_stm32f4xx.o
      1808        134          0         60        240      21455   tasks.o
       212         30          0          0         68       2887   usart.o

    ----------------------------------------------------------------------
     11960        950        464        164      19040    1088040   Object Totals
         0          0         32          0          0          0   (incl. Generated)
        22          0          0          4          2          0   (incl. Padding)

    ----------------------------------------------------------------------

      Code (inc. data)   RO Data    RW Data    ZI Data      Debug   Library Member Name

         8          0          0          0          0         68   __main.o
        40          0          0          0          0         84   __printf_nopercent.o
         0          0          0          0          0          0   __rtentry.o
        12          0          0          0          0          0   __rtentry2.o
         6          0          0          0          0          0   __rtentry4.o
        52          8          0          0          0          0   __scatter.o
        26          0          0          0          0          0   __scatter_copy.o
        28          0          0          0          0          0   __scatter_zi.o
        48          6          0          0          0         96   _printf_char_common.o
        36          4          0          0          0         80   _printf_char_file.o
        10          0          0          0          0         68   defsig_exit.o
        50          0          0          0          0         88   defsig_general.o
        80         58          0          0          0         76   defsig_rtmem_inner.o
        14          0          0          0          0         80   defsig_rtmem_outer.o
        52         38          0          0          0         76   defsig_rtred_inner.o
        14          0          0          0          0         80   defsig_rtred_outer.o
        18          0          0          0          0         80   exit.o
        76          0          0          0          0         88   fclose.o
         8          0          0          0          0         68   ferror.o
       236          4          0          0          0        128   fopen.o
       248          6          0          0          0         84   fseek.o
        66          0          0          0          0         76   ftell.o
        94          0          0          0          0         80   h1_alloc.o
        52          0          0          0          0         68   h1_extend.o
        78          0          0          0          0         80   h1_free.o
        14          0          0          0          0         84   h1_init.o
         6          0          0          0          0        152   heapauxi.o
         4          0          0          0          0        136   hguard.o
         0          0          0          0          0          0   indicate_semi.o
       138          0          0          0          0        168   init_alloc.o
       312         46          0          0          0        112   initio.o
         2          0          0          0          0          0   libinit.o
        18          0          0          0          0          0   libinit2.o
         2          0          0          0          0          0   libshutdown.o
         6          0          0          0          0          0   libshutdown2.o
         8          4          0          0         96         68   libspace.o
       238          0          0          0          0        100   lludivv7m.o
         0          0          0          0          0          0   maybetermalloc1.o
        24          4          0          0          0         84   noretval__2printf.o
         8          4          0          0          0         68   rt_errno_addr_intlibspace.o
         8          4          0          0          0         68   rt_heap_descriptor_intlibspace.o
        78          0          0          0          0         80   rt_memclr_w.o
         2          0          0          0          0          0   rtexit.o
        10          0          0          0          0          0   rtexit2.o
        70          0          0          0          0         80   setvbuf.o
       240          6          0          0          0        156   stdio.o
         0          0          0         12        252          0   stdio_streams.o
        62          0          0          0          0         76   strlen.o
        12          4          0          0          0         68   sys_exit.o
       102          0         12          0          0        240   sys_io.o
        74          0          0          0          0         80   sys_stackheap_outer.o
        14          0          0          0          0         76   sys_wrch.o
         2          0          0          0          0         68   use_no_semi.o
        10          0          0          0          0        116   fpinit.o

    ----------------------------------------------------------------------
      2830        196         14         12        352       3628   Library Totals
        14          0          2          0          4          0   (incl. Padding)

    ----------------------------------------------------------------------

      Code (inc. data)   RO Data    RW Data    ZI Data      Debug   Library Name

      2806        196         12         12        348       3512   c_w.l
        10          0          0          0          0        116   fz_wm.l

    ----------------------------------------------------------------------
      2830        196         14         12        352       3628   Library Totals

    ----------------------------------------------------------------------

==============================================================================


      Code (inc. data)   RO Data    RW Data    ZI Data      Debug   

     14790       1146        478        176      19392    1077848   Grand Totals
     14790       1146        478        176      19392    1077848   ELF Image Totals
     14790       1146        478        176          0          0   ROM Totals

==============================================================================

    Total RO  Size (Code + RO Data)                15268 (  14.91kB)
    Total RW  Size (RW Data + ZI Data)             19568 (  19.11kB)
    Total ROM Size (Code + RO Data + RW Data)      15444 (  15.08kB)

==============================================================================

